Archive member included because of file (symbol)

C:\Program Files (x86)\VEX Robotics\VEXcode Pro V5\sdk/vexv5\libv5rt.a(v5_startup.c.obj)
                              (vexStartup)
C:\Program Files (x86)\VEX Robotics\VEXcode Pro V5\sdk/vexv5\libv5rt.a(v5_util.c.obj)
                              C:\Program Files (x86)\VEX Robotics\VEXcode Pro V5\sdk/vexv5\libv5rt.a(v5_startup.c.obj) (vexStdlibVersionLinked)
C:\Program Files (x86)\VEX Robotics\VEXcode Pro V5\sdk/vexv5\libv5rt.a(v5_apijump.c.obj)
                              C:\Program Files (x86)\VEX Robotics\VEXcode Pro V5\sdk/vexv5\libv5rt.a(v5_startup.c.obj) (vexPrivateApiEnable)
C:\Program Files (x86)\VEX Robotics\VEXcode Pro V5\sdk/vexv5\libv5rt.a(v5_apiversions.c.obj)
                              C:\Program Files (x86)\VEX Robotics\VEXcode Pro V5\sdk/vexv5\libv5rt.a(v5_apijump.c.obj) (vexSystemVersion)
C:\Program Files (x86)\VEX Robotics\VEXcode Pro V5\sdk/vexv5\libv5rt.a(vex_global.cpp.obj)
                              build/src/functions.o (vex::wait(double, vex::timeUnits))
C:\Program Files (x86)\VEX Robotics\VEXcode Pro V5\sdk/vexv5\libv5rt.a(vex_motor.cpp.obj)
                              build/src/robot-config.o (vex::motor::~motor())
C:\Program Files (x86)\VEX Robotics\VEXcode Pro V5\sdk/vexv5\libv5rt.a(vex_imu.cpp.obj)
                              build/src/robot-config.o (vex::inertial::~inertial())
C:\Program Files (x86)\VEX Robotics\VEXcode Pro V5\sdk/vexv5\libv5rt.a(vex_optical.cpp.obj)
                              build/src/robot-config.o (vex::optical::~optical())
C:\Program Files (x86)\VEX Robotics\VEXcode Pro V5\sdk/vexv5\libv5rt.a(vex_controller.cpp.obj)
                              build/src/robot-config.o (vex::controller::~controller())
C:\Program Files (x86)\VEX Robotics\VEXcode Pro V5\sdk/vexv5\libv5rt.a(vex_task.cpp.obj)
                              build/src/main.o (vex::task::task(int (*)()))
C:\Program Files (x86)\VEX Robotics\VEXcode Pro V5\sdk/vexv5\libv5rt.a(vex_thread.cpp.obj)
                              C:\Program Files (x86)\VEX Robotics\VEXcode Pro V5\sdk/vexv5\libv5rt.a(vex_global.cpp.obj) (vex::this_thread::sleep_for(unsigned long))
C:\Program Files (x86)\VEX Robotics\VEXcode Pro V5\sdk/vexv5\libv5rt.a(vex_event.cpp.obj)
                              C:\Program Files (x86)\VEX Robotics\VEXcode Pro V5\sdk/vexv5\libv5rt.a(vex_imu.cpp.obj) (vex::event::init(unsigned long, unsigned long, void (*)()))
C:\Program Files (x86)\VEX Robotics\VEXcode Pro V5\sdk/vexv5\libv5rt.a(vex_mevent.cpp.obj)
                              C:\Program Files (x86)\VEX Robotics\VEXcode Pro V5\sdk/vexv5\libv5rt.a(vex_controller.cpp.obj) (vex::mevent::mevent(unsigned long, unsigned long))
C:\Program Files (x86)\VEX Robotics\VEXcode Pro V5\sdk/vexv5\libv5rt.a(vex_brain.cpp.obj)
                              build/src/gui.o (vex::brain::lcd::setCursor(long, long))
C:\Program Files (x86)\VEX Robotics\VEXcode Pro V5\sdk/vexv5\libv5rt.a(vex_competition.cpp.obj)
                              build/src/main.o (vex::competition::competition())
C:\Program Files (x86)\VEX Robotics\VEXcode Pro V5\sdk/vexv5\libv5rt.a(vex_triport.cpp.obj)
                              C:\Program Files (x86)\VEX Robotics\VEXcode Pro V5\sdk/vexv5\libv5rt.a(vex_brain.cpp.obj) (vex::triport::~triport())
C:\Program Files (x86)\VEX Robotics\VEXcode Pro V5\sdk/vexv5\libv5rt.a(vex_color.cpp.obj)
                              C:\Program Files (x86)\VEX Robotics\VEXcode Pro V5\sdk/vexv5\libv5rt.a(vex_optical.cpp.obj) (vex::color::~color())
C:\Program Files (x86)\VEX Robotics\VEXcode Pro V5\sdk/vexv5\libv5rt.a(vex_timer.cpp.obj)
                              C:\Program Files (x86)\VEX Robotics\VEXcode Pro V5\sdk/vexv5\libv5rt.a(vex_brain.cpp.obj) (vex::timer::~timer())
C:\Program Files (x86)\VEX Robotics\VEXcode Pro V5\sdk/vexv5\libv5rt.a(vex_motorgroup.cpp.obj)
                              build/src/robot-config.o (vex::motor_group::motor_group())
C:\Program Files (x86)\VEX Robotics\VEXcode Pro V5\sdk/vexv5\libv5rt.a(v5_apiuser.c.obj)
                              C:\Program Files (x86)\VEX Robotics\VEXcode Pro V5\sdk/vexv5\libv5rt.a(vex_triport.cpp.obj) (vexAdiPortConfigSet)
C:\Program Files (x86)\VEX Robotics\VEXcode Pro V5\sdk/vexv5\libv5rt.a(vex_device.cpp.obj)
                              C:\Program Files (x86)\VEX Robotics\VEXcode Pro V5\sdk/vexv5\libv5rt.a(vex_motor.cpp.obj) (vex::device::~device())
C:\Program Files (x86)\VEX Robotics\VEXcode Pro V5\sdk/vexv5/gcc/libs\libc.a(lib_a-fini.o)
                              C:\Program Files (x86)\VEX Robotics\VEXcode Pro V5\sdk/vexv5\libv5rt.a(v5_startup.c.obj) (__libc_fini_array)
C:\Program Files (x86)\VEX Robotics\VEXcode Pro V5\sdk/vexv5/gcc/libs\libc.a(lib_a-impure.o)
                              C:\Program Files (x86)\VEX Robotics\VEXcode Pro V5\sdk/vexv5\libv5rt.a(v5_startup.c.obj) (_impure_ptr)
C:\Program Files (x86)\VEX Robotics\VEXcode Pro V5\sdk/vexv5/gcc/libs\libc.a(lib_a-init.o)
[...]
Memory Configuration

Name             Origin             Length             Attributes
ps7_ddr_0_S_AXI_BASEADDR 0x03800000         0x04800000
*default*        0x00000000         0xffffffff

Linker script and memory map

                0x00002000                _STACK_SIZE = DEFINED (_STACK_SIZE)?_STACK_SIZE:0x2000
                0x00100000                _HEAP_SIZE = DEFINED (_HEAP_SIZE)?_HEAP_SIZE:0x100000
                0x00000400                _ABORT_STACK_SIZE = DEFINED (_ABORT_STACK_SIZE)?_ABORT_STACK_SIZE:0x400
                0x00000800                _SUPERVISOR_STACK_SIZE = DEFINED (_SUPERVISOR_STACK_SIZE)?_SUPERVISOR_STACK_SIZE:0x800
                0x00000400                _IRQ_STACK_SIZE = DEFINED (_IRQ_STACK_SIZE)?_IRQ_STACK_SIZE:0x400
                0x00000400                _FIQ_STACK_SIZE = DEFINED (_FIQ_STACK_SIZE)?_FIQ_STACK_SIZE:0x400
                0x00000400                _UNDEF_STACK_SIZE = DEFINED (_UNDEF_STACK_SIZE)?_UNDEF_STACK_SIZE:0x400

.text           0x03800000     0xb028
 *(.vectors)
 *(.boot_data)
 .boot_data     0x03800000       0x20 C:\Program Files (x86)\VEX Robotics\VEXcode Pro V5\sdk/vexv5\libv5rt.a(v5_startup.c.obj)
                0x03800000                vexCodeSig
                0x00000020                . = 0x20
 *(.boot)
 .boot          0x03800020       0xbc C:\Program Files (x86)\VEX Robotics\VEXcode Pro V5\sdk/vexv5\libv5rt.a(v5_startup.c.obj)
                0x03800020                vexStartup
                0x03800100                . = ALIGN (0x40)
 *fill*         0x038000dc       0x24 
 *(.freertos_vectors)
 *(.text)
 *(.text.*)
 .text._Z9stopDriveN3vex9brakeTypeE
                0x03800100       0x30 build/src/functions.o
                0x03800100                stopDrive(vex::brakeType)
 .text._Z14driveUntilStopii
                0x03800130      0x2a0 build/src/functions.o
                0x03800130                driveUntilStop(int, int)
 .text._Z13driveIntoWallii
                0x038003d0      0x208 build/src/functions.o
                0x038003d0                driveIntoWall(int, int)
 .text._Z8shootOutv
                0x038005d8      0x120 build/src/functions.o
                0x038005d8                shootOut()
 .text._Z9shootOut2v
                0x038006f8      0x138 build/src/functions.o
                0x038006f8                shootOut2()
 .text._Z19closePneumAndIntakev
                0x03800830      0x1c8 build/src/functions.o
                0x03800830                closePneumAndIntake()
 .text._Z10shootOutBBv
                0x038009f8      0x1b8 build/src/functions.o
                0x038009f8                shootOutBB()
 .text._Z11shootOutBB2v
                0x03800bb0      0x1e0 build/src/functions.o
                0x03800bb0                shootOutBB2()
 .text._Z6deployv
                0x03800d90      0x1c0 build/src/functions.o
                0x03800d90                deploy()
 .text._GLOBAL__sub_I_functions.cpp
                0x03800f50       0x34 build/src/functions.o
 .text._Z9pre_autonv
                0x03800f84      0x2c8 build/src/main.o
                0x03800f84                pre_auton()
 .text._Z10autonomousv
                0x0380124c      0x43c build/src/main.o
                0x0380124c                autonomous()
 .text._Z11usercontrolv
                0x03801688      0x7f0 build/src/main.o
                0x03801688                usercontrol()
 .text._Z14badBallControlv
                0x03801e78      0x158 build/src/main.o
                0x03801e78                badBallControl()
 .text._Z3pnev  0x03801fd0      0x188 build/src/main.o
                0x03801fd0                pne()
 .text.main     0x03802158       0x80 build/src/main.o
                0x03802158                main
 .text._GLOBAL__sub_I_main.cpp
                0x038021d8       0x5c build/src/main.o
 .text._Z10print_pageii
                0x03802234      0x928 build/src/gui.o
                0x03802234                print_page(int, int)
 .text._Z11page_selectPiS_
                0x03802b5c      0x278 build/src/gui.o
                0x03802b5c                page_select(int*, int*)
 .text._GLOBAL__sub_I_gui.cpp
                0x03802dd4       0x34 build/src/gui.o
 .text._Z7redLongv
                0x03802e08      0x988 build/src/auton.o
                0x03802e08                redLong()
 .text._Z8redShortv
                0x03803790      0x4e8 build/src/auton.o
                0x03803790                redShort()
 .text._Z9blueShortv
                0x03803c78      0x4d8 build/src/auton.o
                0x03803c78                blueShort()
 .text._Z8blueLongv
                0x03804150      0x8a0 build/src/auton.o
                0x03804150                blueLong()
 .text._GLOBAL__sub_I_auton.cpp
                0x038049f0       0x34 build/src/auton.o
 *fill*         0x03804a24        0x4 
 .text._Z6skillsv
                0x03804a28     0x138c build/src/skills.o
                0x03804a28                skills()
 *fill*         0x03805db4        0x4 
 .text._Z10forwardPIDfiifibi
                0x03805db8      0x3cc build/src/pid.o
                0x03805db8                forwardPID(float, int, int, float, int, bool, int)
 *fill*         0x03806184        0x4 
 .text._Z14forwardPIDFASTfii
                0x03806188      0x3d4 build/src/pid.o
                0x03806188                forwardPIDFAST(float, int, int)
 *fill*         0x0380655c        0x4 
 .text._Z11forwardPID2fii
                0x03806560      0x3a8 build/src/pid.o
                0x03806560                forwardPID2(float, int, int)
 .text._Z12backwardPID2fii
                0x03806908      0x3d8 build/src/pid.o
                0x03806908                backwardPID2(float, int, int)
 .text._Z11backwardPIDfiifi
                0x03806ce0      0x3bc build/src/pid.o
                0x03806ce0                backwardPID(float, int, int, float, int)
 *fill*         0x0380709c        0x4 
 .text._Z8turnLeftfii
                0x038070a0      0x30c build/src/pid.o
                0x038070a0                turnLeft(float, int, int)
 *fill*         0x038073ac        0x4 
 .text._Z9turnRightfii
                0x038073b0      0x2f4 build/src/pid.o
                0x038073b0                turnRight(float, int, int)
 .text._GLOBAL__sub_I_pid.cpp
                0x038076a4       0x34 build/src/pid.o
 .text._ZN3vex11motor_groupC2IJNS_5motorES2_EEERS2_DpRT_
                0x038076d8       0x44 build/src/robot-config.o
                0x038076d8                vex::motor_group::motor_group<vex::motor, vex::motor>(vex::motor&, vex::motor&, vex::motor&)
 .text._ZN3vex11motor_groupC2IJNS_5motorES2_S2_EEERS2_DpRT_
                0x0380771c       0x50 build/src/robot-config.o
                0x0380771c                vex::motor_group::motor_group<vex::motor, vex::motor, vex::motor>(vex::motor&, vex::motor&, vex::motor&, vex::motor&)
 .text._Z11vexcodeInitv
                0x0380776c        0x4 build/src/robot-config.o
                0x0380776c                vexcodeInit()
 .text._GLOBAL__sub_I_robot_config.cpp
                0x03807770      0x530 build/src/robot-config.o
 .text._Z11splineRightfiif
                0x03807ca0      0x160 build/src/spline.o
                0x03807ca0                splineRight(float, int, int, float)
 .text.vexMain  0x03807e00       0xb0 C:\Program Files (x86)\VEX Robotics\VEXcode Pro V5\sdk/vexv5\libv5rt.a(v5_startup.c.obj)
                0x03807e00                vexMain
 .text.__vex_function_prolog
                0x03807eb0       0x18 C:\Program Files (x86)\VEX Robotics\VEXcode Pro V5\sdk/vexv5\libv5rt.a(v5_startup.c.obj)
                0x03807eb0                __vex_function_prolog
 .text._init    0x03807ec8        0x4 C:\Program Files (x86)\VEX Robotics\VEXcode Pro V5\sdk/vexv5\libv5rt.a(v5_startup.c.obj)
                0x03807ec8                _init
 .text._fini    0x03807ecc        0x4 C:\Program Files (x86)\VEX Robotics\VEXcode Pro V5\sdk/vexv5\libv5rt.a(v5_startup.c.obj)
                0x03807ecc                _fini
 .text.vexStdlibVersionLinked
                0x03807ed0        0xc C:\Program Files (x86)\VEX Robotics\VEXcode Pro V5\sdk/vexv5\libv5rt.a(v5_util.c.obj)
                0x03807ed0                vexStdlibVersionLinked
 .text.vexStdlibVersionVerify
                0x03807edc       0x30 C:\Program Files (x86)\VEX Robotics\VEXcode Pro V5\sdk/vexv5\libv5rt.a(v5_util.c.obj)
                0x03807edc                vexStdlibVersionVerify
 .text.vexPrivateApiEnable
                0x03807f0c       0x10 C:\Program Files (x86)\VEX Robotics\VEXcode Pro V5\sdk/vexv5\libv5rt.a(v5_apijump.c.obj)
                0x03807f0c                vexPrivateApiEnable
 .text.vexStdlibMismatchError
                0x03807f1c       0x3c C:\Program Files (x86)\VEX Robotics\VEXcode Pro V5\sdk/vexv5\libv5rt.a(v5_apijump.c.obj)
                0x03807f1c                vexStdlibMismatchError
 .text.vexTaskAdd
                0x03807f58       0x10 C:\Program Files (x86)\VEX Robotics\VEXcode Pro V5\sdk/vexv5\libv5rt.a(v5_apijump.c.obj)
                0x03807f58                vexTaskAdd
 .text.vexTasksRun
                0x03807f68       0x10 C:\Program Files (x86)\VEX Robotics\VEXcode Pro V5\sdk/vexv5\libv5rt.a(v5_apijump.c.obj)
                0x03807f68                vexTasksRun
 .text.vexTaskYield
                0x03807f78       0x10 C:\Program Files (x86)\VEX Robotics\VEXcode Pro V5\sdk/vexv5\libv5rt.a(v5_apijump.c.obj)
                0x03807f78                vexTaskYield
 .text.vexTaskCheckTimeslice
                0x03807f88       0x10 C:\Program Files (x86)\VEX Robotics\VEXcode Pro V5\sdk/vexv5\libv5rt.a(v5_apijump.c.obj)
                0x03807f88                vexTaskCheckTimeslice
 .text.vexTaskSleep
                0x03807f98       0x10 C:\Program Files (x86)\VEX Robotics\VEXcode Pro V5\sdk/vexv5\libv5rt.a(v5_apijump.c.obj)
                0x03807f98                vexTaskSleep
 .text.vexTasksDump
                0x03807fa8       0x1c C:\Program Files (x86)\VEX Robotics\VEXcode Pro V5\sdk/vexv5\libv5rt.a(v5_apijump.c.obj)
                0x03807fa8                vexTasksDump
 .text.vexTaskGetTaskIndex
                0x03807fc4       0x10 C:\Program Files (x86)\VEX Robotics\VEXcode Pro V5\sdk/vexv5\libv5rt.a(v5_apijump.c.obj)
                0x03807fc4                vexTaskGetTaskIndex
 .text.vexTaskStopAll
                0x03807fd4       0x10 C:\Program Files (x86)\VEX Robotics\VEXcode Pro V5\sdk/vexv5\libv5rt.a(v5_apijump.c.obj)
                0x03807fd4                vexTaskStopAll
 .text.vexTaskRemoveAllUser
                0x03807fe4       0x34 C:\Program Files (x86)\VEX Robotics\VEXcode Pro V5\sdk/vexv5\libv5rt.a(v5_apijump.c.obj)
                0x03807fe4                vexTaskRemoveAllUser
 .text.vexTaskCompletionIdSet
                0x03808018       0x10 C:\Program Files (x86)\VEX Robotics\VEXcode Pro V5\sdk/vexv5\libv5rt.a(v5_apijump.c.obj)
                0x03808018                vexTaskCompletionIdSet
 .text.vexTaskStopWithId
                0x03808028       0x10 C:\Program Files (x86)\VEX Robotics\VEXcode Pro V5\sdk/vexv5\libv5rt.a(v5_apijump.c.obj)
                0x03808028                vexTaskStopWithId
 .text.vexCriticalSection
                0x03808038       0x2c C:\Program Files (x86)\VEX Robotics\VEXcode Pro V5\sdk/vexv5\libv5rt.a(v5_apijump.c.obj)
                0x03808038                vexCriticalSection
 .text.vexEventAdd
                0x03808064       0x34 C:\Program Files (x86)\VEX Robotics\VEXcode Pro V5\sdk/vexv5\libv5rt.a(v5_apijump.c.obj)
                0x03808064                vexEventAdd
 .text.vexEventUserIndexGet
                0x03808098       0x1c C:\Program Files (x86)\VEX Robotics\VEXcode Pro V5\sdk/vexv5\libv5rt.a(v5_apijump.c.obj)
                0x03808098                vexEventUserIndexGet
 .text.vexEventAddWithArg
                0x038080b4       0x3c C:\Program Files (x86)\VEX Robotics\VEXcode Pro V5\sdk/vexv5\libv5rt.a(v5_apijump.c.obj)
                0x038080b4                vexEventAddWithArg
 .text.vexEventsCleanup
                0x038080f0       0x2c C:\Program Files (x86)\VEX Robotics\VEXcode Pro V5\sdk/vexv5\libv5rt.a(v5_apijump.c.obj)
                0x038080f0                vexEventsCleanup
 .text.vexDebug
                0x0380811c       0x38 C:\Program Files (x86)\VEX Robotics\VEXcode Pro V5\sdk/vexv5\libv5rt.a(v5_apijump.c.obj)
                0x0380811c                vexDebug
 .text.vex_sprintf
                0x03808154       0x40 C:\Program Files (x86)\VEX Robotics\VEXcode Pro V5\sdk/vexv5\libv5rt.a(v5_apijump.c.obj)
                0x03808154                vex_sprintf
 .text.vex_vsnprintf
                0x03808194       0x3c C:\Program Files (x86)\VEX Robotics\VEXcode Pro V5\sdk/vexv5\libv5rt.a(v5_apijump.c.obj)
                0x03808194                vex_vsnprintf
 .text.vexSystemTimeGet
                0x038081d0       0x1c C:\Program Files (x86)\VEX Robotics\VEXcode Pro V5\sdk/vexv5\libv5rt.a(v5_apijump.c.obj)
                0x038081d0                vexSystemTimeGet
 .text.vexSystemExitRequest
                0x038081ec       0x1c C:\Program Files (x86)\VEX Robotics\VEXcode Pro V5\sdk/vexv5\libv5rt.a(v5_apijump.c.obj)
                0x038081ec                vexSystemExitRequest
 .text.vexDeviceGetByIndex
                0x03808208       0x24 C:\Program Files (x86)\VEX Robotics\VEXcode Pro V5\sdk/vexv5\libv5rt.a(v5_apijump.c.obj)
                0x03808208                vexDeviceGetByIndex
 .text.vexControllerGet
                0x0380822c       0x2c C:\Program Files (x86)\VEX Robotics\VEXcode Pro V5\sdk/vexv5\libv5rt.a(v5_apijump.c.obj)
                0x0380822c                vexControllerGet
 .text.vexDeviceAdiPortConfigSet
                0x03808258       0x34 C:\Program Files (x86)\VEX Robotics\VEXcode Pro V5\sdk/vexv5\libv5rt.a(v5_apijump.c.obj)
                0x03808258                vexDeviceAdiPortConfigSet
 .text.vexDeviceAdiPortConfigGet
                0x0380828c       0x2c C:\Program Files (x86)\VEX Robotics\VEXcode Pro V5\sdk/vexv5\libv5rt.a(v5_apijump.c.obj)
                0x0380828c                vexDeviceAdiPortConfigGet
 .text.vexDeviceAdiValueSet
                0x038082b8       0x34 C:\Program Files (x86)\VEX Robotics\VEXcode Pro V5\sdk/vexv5\libv5rt.a(v5_apijump.c.obj)
                0x038082b8                vexDeviceAdiValueSet
 .text.vexDeviceAdiValueGet
                0x038082ec       0x2c C:\Program Files (x86)\VEX Robotics\VEXcode Pro V5\sdk/vexv5\libv5rt.a(v5_apijump.c.obj)
                0x038082ec                vexDeviceAdiValueGet
 .text.vexDeviceMotorVelocitySet
                0x03808318       0x2c C:\Program Files (x86)\VEX Robotics\VEXcode Pro V5\sdk/vexv5\libv5rt.a(v5_apijump.c.obj)
                0x03808318                vexDeviceMotorVelocitySet
 .text.vexDeviceMotorActualVelocityGet
                0x03808344       0x24 C:\Program Files (x86)\VEX Robotics\VEXcode Pro V5\sdk/vexv5\libv5rt.a(v5_apijump.c.obj)
                0x03808344                vexDeviceMotorActualVelocityGet
 .text.vexDeviceMotorZeroPositionFlagGet
                0x03808368       0x24 C:\Program Files (x86)\VEX Robotics\VEXcode Pro V5\sdk/vexv5\libv5rt.a(v5_apijump.c.obj)
                0x03808368                vexDeviceMotorZeroPositionFlagGet
 .text.vexDeviceMotorReverseFlagSet
                0x0380838c       0x2c C:\Program Files (x86)\VEX Robotics\VEXcode Pro V5\sdk/vexv5\libv5rt.a(v5_apijump.c.obj)
                0x0380838c                vexDeviceMotorReverseFlagSet
 .text.vexDeviceMotorEncoderUnitsSet
                0x038083b8       0x2c C:\Program Files (x86)\VEX Robotics\VEXcode Pro V5\sdk/vexv5\libv5rt.a(v5_apijump.c.obj)
                0x038083b8                vexDeviceMotorEncoderUnitsSet
 .text.vexDeviceMotorBrakeModeSet
                0x038083e4       0x2c C:\Program Files (x86)\VEX Robotics\VEXcode Pro V5\sdk/vexv5\libv5rt.a(v5_apijump.c.obj)
                0x038083e4                vexDeviceMotorBrakeModeSet
 .text.vexDeviceMotorPositionSet
                0x03808410       0x34 C:\Program Files (x86)\VEX Robotics\VEXcode Pro V5\sdk/vexv5\libv5rt.a(v5_apijump.c.obj)
                0x03808410                vexDeviceMotorPositionSet
 .text.vexDeviceMotorRelativeTargetSet
                0x03808444       0x3c C:\Program Files (x86)\VEX Robotics\VEXcode Pro V5\sdk/vexv5\libv5rt.a(v5_apijump.c.obj)
                0x03808444                vexDeviceMotorRelativeTargetSet
 .text.vexDeviceMotorGearingSet
                0x03808480       0x2c C:\Program Files (x86)\VEX Robotics\VEXcode Pro V5\sdk/vexv5\libv5rt.a(v5_apijump.c.obj)
                0x03808480                vexDeviceMotorGearingSet
 .text.vexDeviceMotorGearingGet
                0x038084ac       0x24 C:\Program Files (x86)\VEX Robotics\VEXcode Pro V5\sdk/vexv5\libv5rt.a(v5_apijump.c.obj)
                0x038084ac                vexDeviceMotorGearingGet
 .text.vexDeviceImuReset
                0x038084d0       0x24 C:\Program Files (x86)\VEX Robotics\VEXcode Pro V5\sdk/vexv5\libv5rt.a(v5_apijump.c.obj)
                0x038084d0                vexDeviceImuReset
 .text.vexDeviceImuHeadingGet
                0x038084f4       0x24 C:\Program Files (x86)\VEX Robotics\VEXcode Pro V5\sdk/vexv5\libv5rt.a(v5_apijump.c.obj)
                0x038084f4                vexDeviceImuHeadingGet
 .text.vexDeviceImuDegreesGet
                0x03808518       0x24 C:\Program Files (x86)\VEX Robotics\VEXcode Pro V5\sdk/vexv5\libv5rt.a(v5_apijump.c.obj)
                0x03808518                vexDeviceImuDegreesGet
 .text.vexDeviceImuStatusGet
                0x0380853c       0x24 C:\Program Files (x86)\VEX Robotics\VEXcode Pro V5\sdk/vexv5\libv5rt.a(v5_apijump.c.obj)
                0x0380853c                vexDeviceImuStatusGet
 .text.vexDeviceOpticalHueGet
                0x03808560       0x24 C:\Program Files (x86)\VEX Robotics\VEXcode Pro V5\sdk/vexv5\libv5rt.a(v5_apijump.c.obj)
                0x03808560                vexDeviceOpticalHueGet
 .text.vexDeviceOpticalLedPwmSet
                0x03808584       0x2c C:\Program Files (x86)\VEX Robotics\VEXcode Pro V5\sdk/vexv5\libv5rt.a(v5_apijump.c.obj)
                0x03808584                vexDeviceOpticalLedPwmSet
 .text.vexDeviceOpticalGestureEnable
                0x038085b0       0x24 C:\Program Files (x86)\VEX Robotics\VEXcode Pro V5\sdk/vexv5\libv5rt.a(v5_apijump.c.obj)
                0x038085b0                vexDeviceOpticalGestureEnable
 .text.vexDeviceOpticalGestureDisable
                0x038085d4       0x24 C:\Program Files (x86)\VEX Robotics\VEXcode Pro V5\sdk/vexv5\libv5rt.a(v5_apijump.c.obj)
                0x038085d4                vexDeviceOpticalGestureDisable
 .text.vexDeviceOpticalProximityThreshold
                0x038085f8       0x2c C:\Program Files (x86)\VEX Robotics\VEXcode Pro V5\sdk/vexv5\libv5rt.a(v5_apijump.c.obj)
                0x038085f8                vexDeviceOpticalProximityThreshold
 .text.vexDisplayForegroundColor
                0x03808624       0x24 C:\Program Files (x86)\VEX Robotics\VEXcode Pro V5\sdk/vexv5\libv5rt.a(v5_apijump.c.obj)
                0x03808624                vexDisplayForegroundColor
 .text.vexDisplayBackgroundColor
                0x03808648       0x24 C:\Program Files (x86)\VEX Robotics\VEXcode Pro V5\sdk/vexv5\libv5rt.a(v5_apijump.c.obj)
                0x03808648                vexDisplayBackgroundColor
 .text.vexDisplayBackgroundColorGet
                0x0380866c       0x1c C:\Program Files (x86)\VEX Robotics\VEXcode Pro V5\sdk/vexv5\libv5rt.a(v5_apijump.c.obj)
                0x0380866c                vexDisplayBackgroundColorGet
 .text.vexDisplayRectDraw
                0x03808688       0x4c C:\Program Files (x86)\VEX Robotics\VEXcode Pro V5\sdk/vexv5\libv5rt.a(v5_apijump.c.obj)
                0x03808688                vexDisplayRectDraw
 .text.vexDisplayRectClear
                0x038086d4       0x4c C:\Program Files (x86)\VEX Robotics\VEXcode Pro V5\sdk/vexv5\libv5rt.a(v5_apijump.c.obj)
                0x038086d4                vexDisplayRectClear
 .text.vexDisplayPrintf
                0x03808720       0x68 C:\Program Files (x86)\VEX Robotics\VEXcode Pro V5\sdk/vexv5\libv5rt.a(v5_apijump.c.obj)
                0x03808720                vexDisplayPrintf
 .text.vexDisplayTextReference
                0x03808788       0x24 C:\Program Files (x86)\VEX Robotics\VEXcode Pro V5\sdk/vexv5\libv5rt.a(v5_apijump.c.obj)
                0x03808788                vexDisplayTextReference
 .text.vexDisplayTextSize
                0x038087ac       0x2c C:\Program Files (x86)\VEX Robotics\VEXcode Pro V5\sdk/vexv5\libv5rt.a(v5_apijump.c.obj)
                0x038087ac                vexDisplayTextSize
 .text.vexDisplayFontNamedSet
                0x038087d8       0x24 C:\Program Files (x86)\VEX Robotics\VEXcode Pro V5\sdk/vexv5\libv5rt.a(v5_apijump.c.obj)
                0x038087d8                vexDisplayFontNamedSet
 .text.vexDisplayStringWidthGet
                0x038087fc       0x24 C:\Program Files (x86)\VEX Robotics\VEXcode Pro V5\sdk/vexv5\libv5rt.a(v5_apijump.c.obj)
                0x038087fc                vexDisplayStringWidthGet
 .text.vexDisplayPenSizeGet
                0x03808820       0x1c C:\Program Files (x86)\VEX Robotics\VEXcode Pro V5\sdk/vexv5\libv5rt.a(v5_apijump.c.obj)
                0x03808820                vexDisplayPenSizeGet
 .text.vexSystemStdlibImpureDataAddr
                0x0380883c       0x28 C:\Program Files (x86)\VEX Robotics\VEXcode Pro V5\sdk/vexv5\libv5rt.a(v5_apijump.c.obj)
                0x0380883c                vexSystemStdlibImpureDataAddr
 .text.vexSystemStdlibImpureDataSize
                0x03808864       0x28 C:\Program Files (x86)\VEX Robotics\VEXcode Pro V5\sdk/vexv5\libv5rt.a(v5_apijump.c.obj)
                0x03808864                vexSystemStdlibImpureDataSize
 .text.vexSystemSaveUserData
                0x0380888c       0x3c C:\Program Files (x86)\VEX Robotics\VEXcode Pro V5\sdk/vexv5\libv5rt.a(v5_apijump.c.obj)
                0x0380888c                vexSystemSaveUserData
 .text.vexTouchDataGet
                0x038088c8       0x10 C:\Program Files (x86)\VEX Robotics\VEXcode Pro V5\sdk/vexv5\libv5rt.a(v5_apijump.c.obj)
                0x038088c8                vexTouchDataGet
 .text.vexDisplayThemeIdGet
                0x038088d8       0x38 C:\Program Files (x86)\VEX Robotics\VEXcode Pro V5\sdk/vexv5\libv5rt.a(v5_apijump.c.obj)
                0x038088d8                vexDisplayThemeIdGet
 .text.vexCompetitionStatus
                0x03808910       0x1c C:\Program Files (x86)\VEX Robotics\VEXcode Pro V5\sdk/vexv5\libv5rt.a(v5_apijump.c.obj)
                0x03808910                vexCompetitionStatus
 .text.vexBatteryCapacityGet
                0x0380892c       0x1c C:\Program Files (x86)\VEX Robotics\VEXcode Pro V5\sdk/vexv5\libv5rt.a(v5_apijump.c.obj)
                0x0380892c                vexBatteryCapacityGet
 .text.vexDeviceEventMaskSet
                0x03808948       0x48 C:\Program Files (x86)\VEX Robotics\VEXcode Pro V5\sdk/vexv5\libv5rt.a(v5_apijump.c.obj)
                0x03808948                vexDeviceEventMaskSet
 .text.vexDeviceEventMaskGet
                0x03808990       0x3c C:\Program Files (x86)\VEX Robotics\VEXcode Pro V5\sdk/vexv5\libv5rt.a(v5_apijump.c.obj)
                0x03808990                vexDeviceEventMaskGet
 .text.vexSystemVersion
                0x038089cc       0x10 C:\Program Files (x86)\VEX Robotics\VEXcode Pro V5\sdk/vexv5\libv5rt.a(v5_apiversions.c.obj)
                0x038089cc                vexSystemVersion
 .text.vexStdlibVersion
                0x038089dc       0x10 C:\Program Files (x86)\VEX Robotics\VEXcode Pro V5\sdk/vexv5\libv5rt.a(v5_apiversions.c.obj)
                0x038089dc                vexStdlibVersion
 *fill*         0x038089ec        0x4 
 .text._ZN3vex4waitEdNS_9timeUnitsE
                0x038089f0       0x30 C:\Program Files (x86)\VEX Robotics\VEXcode Pro V5\sdk/vexv5\libv5rt.a(vex_global.cpp.obj)
                0x038089f0                vex::wait(double, vex::timeUnits)
 .text._ZN3vex5motorD2Ev
                0x03808a20       0x20 C:\Program Files (x86)\VEX Robotics\VEXcode Pro V5\sdk/vexv5\libv5rt.a(vex_motor.cpp.obj)
                0x03808a20                vex::motor::~motor()
                0x03808a20                vex::motor::~motor()
 .text._ZN3vex5motorD0Ev
                0x03808a40       0x1c C:\Program Files (x86)\VEX Robotics\VEXcode Pro V5\sdk/vexv5\libv5rt.a(vex_motor.cpp.obj)
                0x03808a40                vex::motor::~motor()
 .text._ZN3vex5motor9installedEv
                0x03808a5c       0x18 C:\Program Files (x86)\VEX Robotics\VEXcode Pro V5\sdk/vexv5\libv5rt.a(vex_motor.cpp.obj)
                0x03808a5c                vex::motor::installed()
 .text._ZN3vex5motor15defaultStoppingENS_9brakeTypeE
                0x03808a74       0x30 C:\Program Files (x86)\VEX Robotics\VEXcode Pro V5\sdk/vexv5\libv5rt.a(vex_motor.cpp.obj)
                0x03808a74                vex::motor::defaultStopping(vex::brakeType)
 .text._ZN3vex5motorC2El
                0x03808aa4       0x78 C:\Program Files (x86)\VEX Robotics\VEXcode Pro V5\sdk/vexv5\libv5rt.a(vex_motor.cpp.obj)
                0x03808aa4                vex::motor::motor(long)
                0x03808aa4                vex::motor::motor(long)
 .text._ZN3vex5motorC2ElNS_11gearSettingEb
                0x03808b1c       0x34 C:\Program Files (x86)\VEX Robotics\VEXcode Pro V5\sdk/vexv5\libv5rt.a(vex_motor.cpp.obj)
                0x03808b1c                vex::motor::motor(long, vex::gearSetting, bool)
                0x03808b1c                vex::motor::motor(long, vex::gearSetting, bool)
 .text._ZN3vex5motorC2ElNS_11gearSettingE
                0x03808b50       0x24 C:\Program Files (x86)\VEX Robotics\VEXcode Pro V5\sdk/vexv5\libv5rt.a(vex_motor.cpp.obj)
                0x03808b50                vex::motor::motor(long, vex::gearSetting)
                0x03808b50                vex::motor::motor(long, vex::gearSetting)
 .text._ZN3vex5motor10isSpinningEv
                0x03808b74       0x38 C:\Program Files (x86)\VEX Robotics\VEXcode Pro V5\sdk/vexv5\libv5rt.a(vex_motor.cpp.obj)
                0x03808b74                vex::motor::isSpinning()
 .text._ZN3vex5motor4stopENS_9brakeTypeE
                0x03808bac       0x30 C:\Program Files (x86)\VEX Robotics\VEXcode Pro V5\sdk/vexv5\libv5rt.a(vex_motor.cpp.obj)
                0x03808bac                vex::motor::stop(vex::brakeType)
 .text._ZN3vex5motor4stopEv
                0x03808bdc        0x8 C:\Program Files (x86)\VEX Robotics\VEXcode Pro V5\sdk/vexv5\libv5rt.a(vex_motor.cpp.obj)
                0x03808bdc                vex::motor::stop()
 .text._ZN3vex5motor16velocityToScaledEdNS_13velocityUnitsE
                0x03808be4       0x5c C:\Program Files (x86)\VEX Robotics\VEXcode Pro V5\sdk/vexv5\libv5rt.a(vex_motor.cpp.obj)
                0x03808be4                vex::motor::velocityToScaled(double, vex::velocityUnits)
 .text._ZN3vex5motor8velocityENS_13velocityUnitsE
                0x03808c40       0x30 C:\Program Files (x86)\VEX Robotics\VEXcode Pro V5\sdk/vexv5\libv5rt.a(vex_motor.cpp.obj)
                0x03808c40                vex::motor::velocity(vex::velocityUnits)
 .text._ZN3vex5motor5valueEv
                0x03808c70       0x1c C:\Program Files (x86)\VEX Robotics\VEXcode Pro V5\sdk/vexv5\libv5rt.a(vex_motor.cpp.obj)
                0x03808c70                vex::motor::value()
 .text._ZN3vex5motor16scaledToVelocityEdNS_13velocityUnitsE
                0x03808c8c       0xa4 C:\Program Files (x86)\VEX Robotics\VEXcode Pro V5\sdk/vexv5\libv5rt.a(vex_motor.cpp.obj)
                0x03808c8c                vex::motor::scaledToVelocity(double, vex::velocityUnits)
 .text._ZN3vex5motor4spinENS_13directionTypeEdNS_13velocityUnitsE
                0x03808d30       0x5c C:\Program Files (x86)\VEX Robotics\VEXcode Pro V5\sdk/vexv5\libv5rt.a(vex_motor.cpp.obj)
                0x03808d30                vex::motor::spin(vex::directionType, double, vex::velocityUnits)
 .text._ZN3vex5motor16setRotationUnitsENS_13rotationUnitsE
                0x03808d8c       0x1c C:\Program Files (x86)\VEX Robotics\VEXcode Pro V5\sdk/vexv5\libv5rt.a(vex_motor.cpp.obj)
                0x03808d8c                vex::motor::setRotationUnits(vex::rotationUnits)
 .text._ZN3vex5motor9rotateForEdNS_13rotationUnitsEdNS_13velocityUnitsEb
                0x03808da8       0xe0 C:\Program Files (x86)\VEX Robotics\VEXcode Pro V5\sdk/vexv5\libv5rt.a(vex_motor.cpp.obj)
                0x03808da8                vex::motor::rotateFor(double, vex::rotationUnits, double, vex::velocityUnits, bool)
 .text._ZN3vex5motor9rotateForENS_13directionTypeEdNS_13rotationUnitsEdNS_13velocityUnitsEb
                0x03808e88       0x34 C:\Program Files (x86)\VEX Robotics\VEXcode Pro V5\sdk/vexv5\libv5rt.a(vex_motor.cpp.obj)
                0x03808e88                vex::motor::rotateFor(vex::directionType, double, vex::rotationUnits, double, vex::velocityUnits, bool)
 *fill*         0x03808ebc        0x4 
 .text._ZN3vex8inertial10setHeadingEdNS_13rotationUnitsE
                0x03808ec0       0x60 C:\Program Files (x86)\VEX Robotics\VEXcode Pro V5\sdk/vexv5\libv5rt.a(vex_imu.cpp.obj)
                0x03808ec0                vex::inertial::setHeading(double, vex::rotationUnits)
 .text._ZThn16_N3vex8inertial10setHeadingEdNS_13rotationUnitsE
                0x03808f20        0x8 C:\Program Files (x86)\VEX Robotics\VEXcode Pro V5\sdk/vexv5\libv5rt.a(vex_imu.cpp.obj)
                0x03808f20                non-virtual thunk to vex::inertial::setHeading(double, vex::rotationUnits)
 .text._ZN3vex8inertial11setRotationEdNS_13rotationUnitsE
                0x03808f28       0x60 C:\Program Files (x86)\VEX Robotics\VEXcode Pro V5\sdk/vexv5\libv5rt.a(vex_imu.cpp.obj)
                0x03808f28                vex::inertial::setRotation(double, vex::rotationUnits)
 .text._ZThn16_N3vex8inertial11setRotationEdNS_13rotationUnitsE
                0x03808f88        0x8 C:\Program Files (x86)\VEX Robotics\VEXcode Pro V5\sdk/vexv5\libv5rt.a(vex_imu.cpp.obj)
                0x03808f88                non-virtual thunk to vex::inertial::setRotation(double, vex::rotationUnits)
 .text._ZN3vex8inertialD2Ev
                0x03808f90       0x20 C:\Program Files (x86)\VEX Robotics\VEXcode Pro V5\sdk/vexv5\libv5rt.a(vex_imu.cpp.obj)
                0x03808f90                vex::inertial::~inertial()
                0x03808f90                vex::inertial::~inertial()
 .text._ZThn16_N3vex8inertialD1Ev
                0x03808fb0        0x8 C:\Program Files (x86)\VEX Robotics\VEXcode Pro V5\sdk/vexv5\libv5rt.a(vex_imu.cpp.obj)
                0x03808fb0                non-virtual thunk to vex::inertial::~inertial()
 .text._ZN3vex8inertialD0Ev
                0x03808fb8       0x1c C:\Program Files (x86)\VEX Robotics\VEXcode Pro V5\sdk/vexv5\libv5rt.a(vex_imu.cpp.obj)
                0x03808fb8                vex::inertial::~inertial()
 .text._ZThn16_N3vex8inertialD0Ev
                0x03808fd4        0x8 C:\Program Files (x86)\VEX Robotics\VEXcode Pro V5\sdk/vexv5\libv5rt.a(vex_imu.cpp.obj)
                0x03808fd4                non-virtual thunk to vex::inertial::~inertial()
 .text._ZN3vex8inertial9installedEv
                0x03808fdc       0x18 C:\Program Files (x86)\VEX Robotics\VEXcode Pro V5\sdk/vexv5\libv5rt.a(vex_imu.cpp.obj)
                0x03808fdc                vex::inertial::installed()
 .text._ZN3vex8inertial5angleENS_13rotationUnitsE
                0x03808ff4       0x60 C:\Program Files (x86)\VEX Robotics\VEXcode Pro V5\sdk/vexv5\libv5rt.a(vex_imu.cpp.obj)
                0x03808ff4                vex::inertial::angle(vex::rotationUnits)
 .text._ZThn16_N3vex8inertial5angleENS_13rotationUnitsE
                0x03809054        0x8 C:\Program Files (x86)\VEX Robotics\VEXcode Pro V5\sdk/vexv5\libv5rt.a(vex_imu.cpp.obj)
                0x03809054                non-virtual thunk to vex::inertial::angle(vex::rotationUnits)
 .text._ZN3vex8inertial7headingENS_13rotationUnitsE
                0x0380905c        0x4 C:\Program Files (x86)\VEX Robotics\VEXcode Pro V5\sdk/vexv5\libv5rt.a(vex_imu.cpp.obj)
                0x0380905c                vex::inertial::heading(vex::rotationUnits)
 .text._ZThn16_N3vex8inertial7headingENS_13rotationUnitsE
                0x03809060        0x8 C:\Program Files (x86)\VEX Robotics\VEXcode Pro V5\sdk/vexv5\libv5rt.a(vex_imu.cpp.obj)
                0x03809060                non-virtual thunk to vex::inertial::heading(vex::rotationUnits)
 .text._ZN3vex8inertial5valueEv
                0x03809068       0x1c C:\Program Files (x86)\VEX Robotics\VEXcode Pro V5\sdk/vexv5\libv5rt.a(vex_imu.cpp.obj)
                0x03809068                vex::inertial::value()
 *fill*         0x03809084        0x4 
 .text._ZN3vex8inertial8rotationENS_13rotationUnitsE
                0x03809088       0x40 C:\Program Files (x86)\VEX Robotics\VEXcode Pro V5\sdk/vexv5\libv5rt.a(vex_imu.cpp.obj)
                0x03809088                vex::inertial::rotation(vex::rotationUnits)
 .text._ZThn16_N3vex8inertial8rotationENS_13rotationUnitsE
                0x038090c8        0x8 C:\Program Files (x86)\VEX Robotics\VEXcode Pro V5\sdk/vexv5\libv5rt.a(vex_imu.cpp.obj)
                0x038090c8                non-virtual thunk to vex::inertial::rotation(vex::rotationUnits)
 .text._ZN3vex8inertial13isCalibratingEv
                0x038090d0       0x38 C:\Program Files (x86)\VEX Robotics\VEXcode Pro V5\sdk/vexv5\libv5rt.a(vex_imu.cpp.obj)
                0x038090d0                vex::inertial::isCalibrating()
 .text._ZThn16_N3vex8inertial13isCalibratingEv
                0x03809108        0x8 C:\Program Files (x86)\VEX Robotics\VEXcode Pro V5\sdk/vexv5\libv5rt.a(vex_imu.cpp.obj)
                0x03809108                non-virtual thunk to vex::inertial::isCalibrating()
 .text._ZN3vex8inertialC2El
                0x03809110       0x48 C:\Program Files (x86)\VEX Robotics\VEXcode Pro V5\sdk/vexv5\libv5rt.a(vex_imu.cpp.obj)
                0x03809110                vex::inertial::inertial(long)
                0x03809110                vex::inertial::inertial(long)
 .text._ZN3vex8inertial16startCalibrationEl
                0x03809158       0x20 C:\Program Files (x86)\VEX Robotics\VEXcode Pro V5\sdk/vexv5\libv5rt.a(vex_imu.cpp.obj)
                0x03809158                vex::inertial::startCalibration(long)
 .text._ZN3vex8inertial9calibrateEl
                0x03809178        0xc C:\Program Files (x86)\VEX Robotics\VEXcode Pro V5\sdk/vexv5\libv5rt.a(vex_imu.cpp.obj)
                0x03809178                vex::inertial::calibrate(long)
                0x0380917c                non-virtual thunk to vex::inertial::calibrate(long)
 .text._ZN3vex7opticalD2Ev
                0x03809184       0x20 C:\Program Files (x86)\VEX Robotics\VEXcode Pro V5\sdk/vexv5\libv5rt.a(vex_optical.cpp.obj)
                0x03809184                vex::optical::~optical()
                0x03809184                vex::optical::~optical()
 .text._ZN3vex7opticalD0Ev
                0x038091a4       0x1c C:\Program Files (x86)\VEX Robotics\VEXcode Pro V5\sdk/vexv5\libv5rt.a(vex_optical.cpp.obj)
                0x038091a4                vex::optical::~optical()
 .text._ZN3vex7optical9installedEv
                0x038091c0       0x18 C:\Program Files (x86)\VEX Robotics\VEXcode Pro V5\sdk/vexv5\libv5rt.a(vex_optical.cpp.obj)
                0x038091c0                vex::optical::installed()
 .text._ZN3vex7optical3hueEv
                0x038091d8        0x8 C:\Program Files (x86)\VEX Robotics\VEXcode Pro V5\sdk/vexv5\libv5rt.a(vex_optical.cpp.obj)
                0x038091d8                vex::optical::hue()
 .text._ZN3vex7optical5valueEv
                0x038091e0       0x18 C:\Program Files (x86)\VEX Robotics\VEXcode Pro V5\sdk/vexv5\libv5rt.a(vex_optical.cpp.obj)
                0x038091e0                vex::optical::value()
 .text._ZN3vex7optical8setLightENS_8ledStateE
                0x038091f8       0x18 C:\Program Files (x86)\VEX Robotics\VEXcode Pro V5\sdk/vexv5\libv5rt.a(vex_optical.cpp.obj)
                0x038091f8                vex::optical::setLight(vex::ledState)
 .text._ZN3vex7optical13setLightPowerElNS_12percentUnitsE
                0x03809210       0x2c C:\Program Files (x86)\VEX Robotics\VEXcode Pro V5\sdk/vexv5\libv5rt.a(vex_optical.cpp.obj)
                0x03809210                vex::optical::setLightPower(long, vex::percentUnits)
 .text._ZN3vex7optical13gestureEnableEv
                0x0380923c        0x8 C:\Program Files (x86)\VEX Robotics\VEXcode Pro V5\sdk/vexv5\libv5rt.a(vex_optical.cpp.obj)
                0x0380923c                vex::optical::gestureEnable()
 .text._ZN3vex7optical14gestureDisableEv
                0x03809244        0x8 C:\Program Files (x86)\VEX Robotics\VEXcode Pro V5\sdk/vexv5\libv5rt.a(vex_optical.cpp.obj)
                0x03809244                vex::optical::gestureDisable()
 .text._ZN3vex7opticalC2Elb
                0x0380924c       0x54 C:\Program Files (x86)\VEX Robotics\VEXcode Pro V5\sdk/vexv5\libv5rt.a(vex_optical.cpp.obj)
                0x0380924c                vex::optical::optical(long, bool)
                0x0380924c                vex::optical::optical(long, bool)
 .text._ZN3vex10controllerD2Ev
                0x038092a0        0x4 C:\Program Files (x86)\VEX Robotics\VEXcode Pro V5\sdk/vexv5\libv5rt.a(vex_controller.cpp.obj)
                0x038092a0                vex::controller::~controller()
                0x038092a0                vex::controller::~controller()
 .text._ZN3vex10controller5valueE19_V5_ControllerIndex
                0x038092a4        0x8 C:\Program Files (x86)\VEX Robotics\VEXcode Pro V5\sdk/vexv5\libv5rt.a(vex_controller.cpp.obj)
                0x038092a4                vex::controller::value(_V5_ControllerIndex)
 .text._ZN3vex10controller6button8pressingEv
                0x038092ac       0xc8 C:\Program Files (x86)\VEX Robotics\VEXcode Pro V5\sdk/vexv5\libv5rt.a(vex_controller.cpp.obj)
                0x038092ac                vex::controller::button::pressing()
 .text._ZN3vex10controller6button21_buttonToPressedEventEv
                0x03809374       0x20 C:\Program Files (x86)\VEX Robotics\VEXcode Pro V5\sdk/vexv5\libv5rt.a(vex_controller.cpp.obj)
                0x03809374                vex::controller::button::_buttonToPressedEvent()
 .text._ZN3vex10controller6button22_buttonToReleasedEventEv
                0x03809394       0x20 C:\Program Files (x86)\VEX Robotics\VEXcode Pro V5\sdk/vexv5\libv5rt.a(vex_controller.cpp.obj)
                0x03809394                vex::controller::button::_buttonToReleasedEvent()
 .text._ZN3vex10controller6buttonC2ENS0_11tButtonTypeEPS0_
                0x038093b4       0x48 C:\Program Files (x86)\VEX Robotics\VEXcode Pro V5\sdk/vexv5\libv5rt.a(vex_controller.cpp.obj)
                0x038093b4                vex::controller::button::button(vex::controller::tButtonType, vex::controller*)
                0x038093b4                vex::controller::button::button(vex::controller::tButtonType, vex::controller*)
 .text._ZN3vex10controller4axis5valueEv
                0x038093fc       0x58 C:\Program Files (x86)\VEX Robotics\VEXcode Pro V5\sdk/vexv5\libv5rt.a(vex_controller.cpp.obj)
                0x038093fc                vex::controller::axis::value()
 .text._ZN3vex10controller4axis8positionENS_12percentUnitsE
                0x03809454       0x1c C:\Program Files (x86)\VEX Robotics\VEXcode Pro V5\sdk/vexv5\libv5rt.a(vex_controller.cpp.obj)
                0x03809454                vex::controller::axis::position(vex::percentUnits)
 .text._ZN3vex10controller4axis23_joystickToChangedEventEv
                0x03809470       0x20 C:\Program Files (x86)\VEX Robotics\VEXcode Pro V5\sdk/vexv5\libv5rt.a(vex_controller.cpp.obj)
                0x03809470                vex::controller::axis::_joystickToChangedEvent()
 .text._ZN3vex10controller4axisC2ENS0_9tAxisTypeEPS0_
                0x03809490       0x2c C:\Program Files (x86)\VEX Robotics\VEXcode Pro V5\sdk/vexv5\libv5rt.a(vex_controller.cpp.obj)
                0x03809490                vex::controller::axis::axis(vex::controller::tAxisType, vex::controller*)
                0x03809490                vex::controller::axis::axis(vex::controller::tAxisType, vex::controller*)
 .text._ZN3vex10controllerC2ENS_14controllerTypeE
                0x038094bc      0x204 C:\Program Files (x86)\VEX Robotics\VEXcode Pro V5\sdk/vexv5\libv5rt.a(vex_controller.cpp.obj)
                0x038094bc                vex::controller::controller(vex::controllerType)
                0x038094bc                vex::controller::controller(vex::controllerType)
 .text._ZN3vex4taskC2EPFivE
                0x038096c0       0x5c C:\Program Files (x86)\VEX Robotics\VEXcode Pro V5\sdk/vexv5\libv5rt.a(vex_task.cpp.obj)
                0x038096c0                vex::task::task(int (*)())
                0x038096c0                vex::task::task(int (*)())
 .text._ZN3vex4taskD2Ev
                0x0380971c        0x4 C:\Program Files (x86)\VEX Robotics\VEXcode Pro V5\sdk/vexv5\libv5rt.a(vex_task.cpp.obj)
                0x0380971c                vex::task::~task()
                0x0380971c                vex::task::~task()
 .text._ZN3vex4task4stopERKS0_
                0x03809720       0x18 C:\Program Files (x86)\VEX Robotics\VEXcode Pro V5\sdk/vexv5\libv5rt.a(vex_task.cpp.obj)
                0x03809720                vex::task::stop(vex::task const&)
 .text._ZN3vex4task6_indexEPFivE
                0x03809738       0x14 C:\Program Files (x86)\VEX Robotics\VEXcode Pro V5\sdk/vexv5\libv5rt.a(vex_task.cpp.obj)
                0x03809738                vex::task::_index(int (*)())
 .text._ZN3vex4task8_stopAllEv
                0x0380974c       0x3c C:\Program Files (x86)\VEX Robotics\VEXcode Pro V5\sdk/vexv5\libv5rt.a(vex_task.cpp.obj)
                0x0380974c                vex::task::_stopAll()
 .text._ZN3vex11this_thread9sleep_forEm
                0x03809788        0x4 C:\Program Files (x86)\VEX Robotics\VEXcode Pro V5\sdk/vexv5\libv5rt.a(vex_thread.cpp.obj)
                0x03809788                vex::this_thread::sleep_for(unsigned long)
 .text._ZN3vex5event4initEmmPFvvE
                0x0380978c        0x4 C:\Program Files (x86)\VEX Robotics\VEXcode Pro V5\sdk/vexv5\libv5rt.a(vex_event.cpp.obj)
                0x0380978c                vex::event::init(unsigned long, unsigned long, void (*)())
 .text._ZN3vex5event4initEmmPFvPvES1_
                0x03809790        0x4 C:\Program Files (x86)\VEX Robotics\VEXcode Pro V5\sdk/vexv5\libv5rt.a(vex_event.cpp.obj)
                0x03809790                vex::event::init(unsigned long, unsigned long, void (*)(void*), void*)
 .text._ZN3vex5event9userindexEv
                0x03809794        0x4 C:\Program Files (x86)\VEX Robotics\VEXcode Pro V5\sdk/vexv5\libv5rt.a(vex_event.cpp.obj)
                0x03809794                vex::event::userindex()
 .text._ZZN3vex6meventC4EmmENUlvE_4_FUNEv
                0x03809798        0x4 C:\Program Files (x86)\VEX Robotics\VEXcode Pro V5\sdk/vexv5\libv5rt.a(vex_mevent.cpp.obj)
 .text._ZN3vex6meventC2Emm
                0x0380979c       0x70 C:\Program Files (x86)\VEX Robotics\VEXcode Pro V5\sdk/vexv5\libv5rt.a(vex_mevent.cpp.obj)
                0x0380979c                vex::mevent::mevent(unsigned long, unsigned long)
                0x0380979c                vex::mevent::mevent(unsigned long, unsigned long)
 .text._ZN3vex5brain9_getIndexEv
                0x0380980c       0x10 C:\Program Files (x86)\VEX Robotics\VEXcode Pro V5\sdk/vexv5\libv5rt.a(vex_brain.cpp.obj)
                0x0380980c                vex::brain::_getIndex()
 .text._ZN3vex5brain3lcd9setCursorEll
                0x0380981c       0x44 C:\Program Files (x86)\VEX Robotics\VEXcode Pro V5\sdk/vexv5\libv5rt.a(vex_brain.cpp.obj)
                0x0380981c                vex::brain::lcd::setCursor(long, long)
 .text._ZN3vex5brain3lcd7setFontENS_8fontTypeE
                0x03809860      0x23c C:\Program Files (x86)\VEX Robotics\VEXcode Pro V5\sdk/vexv5\libv5rt.a(vex_brain.cpp.obj)
                0x03809860                vex::brain::lcd::setFont(vex::fontType)
 .text._ZN3vex5brain3lcdC2Ev
                0x03809a9c       0x94 C:\Program Files (x86)\VEX Robotics\VEXcode Pro V5\sdk/vexv5\libv5rt.a(vex_brain.cpp.obj)
                0x03809a9c                vex::brain::lcd::lcd()
                0x03809a9c                vex::brain::lcd::lcd()
 .text._ZN3vex5brainC2Ev
                0x03809b30       0x38 C:\Program Files (x86)\VEX Robotics\VEXcode Pro V5\sdk/vexv5\libv5rt.a(vex_brain.cpp.obj)
                0x03809b30                vex::brain::brain()
                0x03809b30                vex::brain::brain()
 .text._ZN3vex5brain3lcd11setPenColorERKNS_5colorE
                0x03809b68       0x14 C:\Program Files (x86)\VEX Robotics\VEXcode Pro V5\sdk/vexv5\libv5rt.a(vex_brain.cpp.obj)
                0x03809b68                vex::brain::lcd::setPenColor(vex::color const&)
 .text._ZN3vex5brain3lcd12setFillColorERKNS_5colorE
                0x03809b7c       0x38 C:\Program Files (x86)\VEX Robotics\VEXcode Pro V5\sdk/vexv5\libv5rt.a(vex_brain.cpp.obj)
                0x03809b7c                vex::brain::lcd::setFillColor(vex::color const&)
 .text._ZN3vex5brain3lcd7printAtEllPKcz
                0x03809bb4       0x6c C:\Program Files (x86)\VEX Robotics\VEXcode Pro V5\sdk/vexv5\libv5rt.a(vex_brain.cpp.obj)
                0x03809bb4                vex::brain::lcd::printAt(long, long, char const*, ...)
 .text._ZN3vex5brain3lcd12_clearScreenEm
                0x03809c20       0x38 C:\Program Files (x86)\VEX Robotics\VEXcode Pro V5\sdk/vexv5\libv5rt.a(vex_brain.cpp.obj)
                0x03809c20                vex::brain::lcd::_clearScreen(unsigned long)
 .text._ZN3vex5brain3lcd11clearScreenERKNS_5colorE
                0x03809c58       0x20 C:\Program Files (x86)\VEX Robotics\VEXcode Pro V5\sdk/vexv5\libv5rt.a(vex_brain.cpp.obj)
                0x03809c58                vex::brain::lcd::clearScreen(vex::color const&)
 .text._ZN3vex5brain3lcd11clearScreenEv
                0x03809c78       0x2c C:\Program Files (x86)\VEX Robotics\VEXcode Pro V5\sdk/vexv5\libv5rt.a(vex_brain.cpp.obj)
                0x03809c78                vex::brain::lcd::clearScreen()
 .text._ZN3vex5brain3lcd13drawRectangleEiiii
                0x03809ca4       0xdc C:\Program Files (x86)\VEX Robotics\VEXcode Pro V5\sdk/vexv5\libv5rt.a(vex_brain.cpp.obj)
                0x03809ca4                vex::brain::lcd::drawRectangle(int, int, int, int)
 .text._ZN3vex5brain3lcd9xPositionEv
                0x03809d80       0x24 C:\Program Files (x86)\VEX Robotics\VEXcode Pro V5\sdk/vexv5\libv5rt.a(vex_brain.cpp.obj)
                0x03809d80                vex::brain::lcd::xPosition()
 .text._ZN3vex5brain3lcd9yPositionEv
                0x03809da4       0x24 C:\Program Files (x86)\VEX Robotics\VEXcode Pro V5\sdk/vexv5\libv5rt.a(vex_brain.cpp.obj)
                0x03809da4                vex::brain::lcd::yPosition()
 .text._ZN3vex5brain3lcd8pressingEv
                0x03809dc8       0x20 C:\Program Files (x86)\VEX Robotics\VEXcode Pro V5\sdk/vexv5\libv5rt.a(vex_brain.cpp.obj)
                0x03809dc8                vex::brain::lcd::pressing()
 .text._ZN3vex5brain3lcd10rowToPixelEl
                0x03809de8       0x34 C:\Program Files (x86)\VEX Robotics\VEXcode Pro V5\sdk/vexv5\libv5rt.a(vex_brain.cpp.obj)
                0x03809de8                vex::brain::lcd::rowToPixel(long)
 .text._ZN3vex5brain3lcd10colToPixelEl
                0x03809e1c       0x1c C:\Program Files (x86)\VEX Robotics\VEXcode Pro V5\sdk/vexv5\libv5rt.a(vex_brain.cpp.obj)
                0x03809e1c                vex::brain::lcd::colToPixel(long)
 .text._ZN3vex5brain3lcd5printEPKcz
                0x03809e38       0xa0 C:\Program Files (x86)\VEX Robotics\VEXcode Pro V5\sdk/vexv5\libv5rt.a(vex_brain.cpp.obj)
                0x03809e38                vex::brain::lcd::print(char const*, ...)
 .text._ZN3vex5brain7battery8capacityENS_12percentUnitsE
                0x03809ed8       0x18 C:\Program Files (x86)\VEX Robotics\VEXcode Pro V5\sdk/vexv5\libv5rt.a(vex_brain.cpp.obj)
                0x03809ed8                vex::brain::battery::capacity(vex::percentUnits)
 .text._ZN3vex5brainD2Ev
                0x03809ef0       0x20 C:\Program Files (x86)\VEX Robotics\VEXcode Pro V5\sdk/vexv5\libv5rt.a(vex_brain.cpp.obj)
                0x03809ef0                vex::brain::~brain()
                0x03809ef0                vex::brain::~brain()
 .text._ZN3vex11competition11_autonomousEv
                0x03809f10       0x90 C:\Program Files (x86)\VEX Robotics\VEXcode Pro V5\sdk/vexv5\libv5rt.a(vex_competition.cpp.obj)
                0x03809f10                vex::competition::_autonomous()
 .text._ZN3vex11competition14_drivercontrolEv
                0x03809fa0       0x90 C:\Program Files (x86)\VEX Robotics\VEXcode Pro V5\sdk/vexv5\libv5rt.a(vex_competition.cpp.obj)
                0x03809fa0                vex::competition::_drivercontrol()
 .text._ZN3vex11competition8_disableEPv
                0x0380a030       0xc8 C:\Program Files (x86)\VEX Robotics\VEXcode Pro V5\sdk/vexv5\libv5rt.a(vex_competition.cpp.obj)
                0x0380a030                vex::competition::_disable(void*)
 .text._ZN3vex11competitionC2Ev
                0x0380a0f8      0x13c C:\Program Files (x86)\VEX Robotics\VEXcode Pro V5\sdk/vexv5\libv5rt.a(vex_competition.cpp.obj)
                0x0380a0f8                vex::competition::competition()
                0x0380a0f8                vex::competition::competition()
 .text._ZN3vex11competitionD2Ev
                0x0380a234        0x4 C:\Program Files (x86)\VEX Robotics\VEXcode Pro V5\sdk/vexv5\libv5rt.a(vex_competition.cpp.obj)
                0x0380a234                vex::competition::~competition()
                0x0380a234                vex::competition::~competition()
 .text._ZN3vex11competition10autonomousEPFvvE
                0x0380a238       0x44 C:\Program Files (x86)\VEX Robotics\VEXcode Pro V5\sdk/vexv5\libv5rt.a(vex_competition.cpp.obj)
                0x0380a238                vex::competition::autonomous(void (*)())
 .text._ZN3vex11competition13drivercontrolEPFvvE
                0x0380a27c       0x44 C:\Program Files (x86)\VEX Robotics\VEXcode Pro V5\sdk/vexv5\libv5rt.a(vex_competition.cpp.obj)
                0x0380a27c                vex::competition::drivercontrol(void (*)())
 .text._ZN3vex11competition9isEnabledEv
                0x0380a2c0       0x14 C:\Program Files (x86)\VEX Robotics\VEXcode Pro V5\sdk/vexv5\libv5rt.a(vex_competition.cpp.obj)
                0x0380a2c0                vex::competition::isEnabled()
 .text._ZN3vex7triportD2Ev
                0x0380a2d4       0x38 C:\Program Files (x86)\VEX Robotics\VEXcode Pro V5\sdk/vexv5\libv5rt.a(vex_triport.cpp.obj)
                0x0380a2d4                vex::triport::~triport()
                0x0380a2d4                vex::triport::~triport()
 .text._ZN3vex7triportD0Ev
                0x0380a30c       0x1c C:\Program Files (x86)\VEX Robotics\VEXcode Pro V5\sdk/vexv5\libv5rt.a(vex_triport.cpp.obj)
                0x0380a30c                vex::triport::~triport()
 .text._ZN3vex7triport9installedEv
                0x0380a328       0x18 C:\Program Files (x86)\VEX Robotics\VEXcode Pro V5\sdk/vexv5\libv5rt.a(vex_triport.cpp.obj)
                0x0380a328                vex::triport::installed()
 .text._ZN3vex7triport4portC2ElPS0_
                0x0380a340       0x74 C:\Program Files (x86)\VEX Robotics\VEXcode Pro V5\sdk/vexv5\libv5rt.a(vex_triport.cpp.obj)
                0x0380a340                vex::triport::port::port(long, vex::triport*)
                0x0380a340                vex::triport::port::port(long, vex::triport*)
 .text._ZN3vex7triportC2El
                0x0380a3b4       0xf0 C:\Program Files (x86)\VEX Robotics\VEXcode Pro V5\sdk/vexv5\libv5rt.a(vex_triport.cpp.obj)
                0x0380a3b4                vex::triport::triport(long)
                0x0380a3b4                vex::triport::triport(long)
 .text._ZN3vex7triport4port4typeENS_11triportTypeE
                0x0380a4a4       0x30 C:\Program Files (x86)\VEX Robotics\VEXcode Pro V5\sdk/vexv5\libv5rt.a(vex_triport.cpp.obj)
                0x0380a4a4                vex::triport::port::type(vex::triportType)
 .text._ZN3vex7triport4port4typeEv
                0x0380a4d4       0x38 C:\Program Files (x86)\VEX Robotics\VEXcode Pro V5\sdk/vexv5\libv5rt.a(vex_triport.cpp.obj)
                0x0380a4d4                vex::triport::port::type()
 .text._ZN3vex7triport4port5valueEv
                0x0380a50c       0x14 C:\Program Files (x86)\VEX Robotics\VEXcode Pro V5\sdk/vexv5\libv5rt.a(vex_triport.cpp.obj)
                0x0380a50c                vex::triport::port::value()
 .text._ZN3vex7triport4port5valueEl
                0x0380a520       0x18 C:\Program Files (x86)\VEX Robotics\VEXcode Pro V5\sdk/vexv5\libv5rt.a(vex_triport.cpp.obj)
                0x0380a520                vex::triport::port::value(long)
 .text._ZN3vex7triport4port11setRotationEdNS_13rotationUnitsE
                0x0380a538       0x50 C:\Program Files (x86)\VEX Robotics\VEXcode Pro V5\sdk/vexv5\libv5rt.a(vex_triport.cpp.obj)
                0x0380a538                vex::triport::port::setRotation(double, vex::rotationUnits)
 .text._ZN3vex7triport4port13resetRotationEv
                0x0380a588       0x20 C:\Program Files (x86)\VEX Robotics\VEXcode Pro V5\sdk/vexv5\libv5rt.a(vex_triport.cpp.obj)
                0x0380a588                vex::triport::port::resetRotation()
 .text._ZN3vex7triport4port8rotationENS_13rotationUnitsE
                0x0380a5a8       0x40 C:\Program Files (x86)\VEX Robotics\VEXcode Pro V5\sdk/vexv5\libv5rt.a(vex_triport.cpp.obj)
                0x0380a5a8                vex::triport::port::rotation(vex::rotationUnits)
 .text._ZN3vex11__trideviceC2ERNS_7triport4portENS_11triportTypeE
                0x0380a5e8       0x5c C:\Program Files (x86)\VEX Robotics\VEXcode Pro V5\sdk/vexv5\libv5rt.a(vex_triport.cpp.obj)
                0x0380a5e8                vex::__tridevice::__tridevice(vex::triport::port&, vex::triportType)
                0x0380a5e8                vex::__tridevice::__tridevice(vex::triport::port&, vex::triportType)
 .text._ZN3vex5limitC2ERNS_7triport4portE
                0x0380a644       0x28 C:\Program Files (x86)\VEX Robotics\VEXcode Pro V5\sdk/vexv5\libv5rt.a(vex_triport.cpp.obj)
                0x0380a644                vex::limit::limit(vex::triport::port&)
                0x0380a644                vex::limit::limit(vex::triport::port&)
 .text._ZN3vex5limitD2Ev
                0x0380a66c        0x4 C:\Program Files (x86)\VEX Robotics\VEXcode Pro V5\sdk/vexv5\libv5rt.a(vex_triport.cpp.obj)
                0x0380a66c                vex::limit::~limit()
                0x0380a66c                vex::limit::~limit()
 .text._ZN3vex5limit5valueEv
                0x0380a670        0x8 C:\Program Files (x86)\VEX Robotics\VEXcode Pro V5\sdk/vexv5\libv5rt.a(vex_triport.cpp.obj)
                0x0380a670                vex::limit::value()
 .text._ZN3vex11digital_outC2ERNS_7triport4portE
                0x0380a678       0x18 C:\Program Files (x86)\VEX Robotics\VEXcode Pro V5\sdk/vexv5\libv5rt.a(vex_triport.cpp.obj)
                0x0380a678                vex::digital_out::digital_out(vex::triport::port&)
                0x0380a678                vex::digital_out::digital_out(vex::triport::port&)
 .text._ZN3vex11digital_out5valueEv
                0x0380a690        0x8 C:\Program Files (x86)\VEX Robotics\VEXcode Pro V5\sdk/vexv5\libv5rt.a(vex_triport.cpp.obj)
                0x0380a690                vex::digital_out::value()
 .text._ZN3vex11digital_out3setEb
                0x0380a698        0x8 C:\Program Files (x86)\VEX Robotics\VEXcode Pro V5\sdk/vexv5\libv5rt.a(vex_triport.cpp.obj)
                0x0380a698                vex::digital_out::set(bool)
 .text._ZN3vex3ledC2ERNS_7triport4portE
                0x0380a6a0       0x14 C:\Program Files (x86)\VEX Robotics\VEXcode Pro V5\sdk/vexv5\libv5rt.a(vex_triport.cpp.obj)
                0x0380a6a0                vex::led::led(vex::triport::port&)
                0x0380a6a0                vex::led::led(vex::triport::port&)
 .text._ZN3vex3ledD2Ev
                0x0380a6b4        0x4 C:\Program Files (x86)\VEX Robotics\VEXcode Pro V5\sdk/vexv5\libv5rt.a(vex_triport.cpp.obj)
                0x0380a6b4                vex::led::~led()
                0x0380a6b4                vex::led::~led()
 .text._ZN3vex3led2onEv
                0x0380a6b8        0x8 C:\Program Files (x86)\VEX Robotics\VEXcode Pro V5\sdk/vexv5\libv5rt.a(vex_triport.cpp.obj)
                0x0380a6b8                vex::led::on()
 .text._ZN3vex10pneumaticsC2ERNS_7triport4portE
                0x0380a6c0       0x14 C:\Program Files (x86)\VEX Robotics\VEXcode Pro V5\sdk/vexv5\libv5rt.a(vex_triport.cpp.obj)
                0x0380a6c0                vex::pneumatics::pneumatics(vex::triport::port&)
                0x0380a6c0                vex::pneumatics::pneumatics(vex::triport::port&)
 .text._ZN3vex10pneumaticsD2Ev
                0x0380a6d4        0x4 C:\Program Files (x86)\VEX Robotics\VEXcode Pro V5\sdk/vexv5\libv5rt.a(vex_triport.cpp.obj)
                0x0380a6d4                vex::pneumatics::~pneumatics()
                0x0380a6d4                vex::pneumatics::~pneumatics()
 .text._ZN3vex10pneumatics4openEv
                0x0380a6d8        0x8 C:\Program Files (x86)\VEX Robotics\VEXcode Pro V5\sdk/vexv5\libv5rt.a(vex_triport.cpp.obj)
                0x0380a6d8                vex::pneumatics::open()
 .text._ZN3vex10pneumatics5closeEv
                0x0380a6e0        0x8 C:\Program Files (x86)\VEX Robotics\VEXcode Pro V5\sdk/vexv5\libv5rt.a(vex_triport.cpp.obj)
                0x0380a6e0                vex::pneumatics::close()
 .text._ZN3vex7encoderC2ERNS_7triport4portE
                0x0380a6e8       0x20 C:\Program Files (x86)\VEX Robotics\VEXcode Pro V5\sdk/vexv5\libv5rt.a(vex_triport.cpp.obj)
                0x0380a6e8                vex::encoder::encoder(vex::triport::port&)
                0x0380a6e8                vex::encoder::encoder(vex::triport::port&)
 .text._ZN3vex7encoderD2Ev
                0x0380a708        0x4 C:\Program Files (x86)\VEX Robotics\VEXcode Pro V5\sdk/vexv5\libv5rt.a(vex_triport.cpp.obj)
                0x0380a708                vex::encoder::~encoder()
                0x0380a708                vex::encoder::~encoder()
 .text._ZN3vex7encoder5valueEv
                0x0380a70c        0x8 C:\Program Files (x86)\VEX Robotics\VEXcode Pro V5\sdk/vexv5\libv5rt.a(vex_triport.cpp.obj)
                0x0380a70c                vex::encoder::value()
 .text._ZN3vex7encoder13resetRotationEv
                0x0380a714        0x8 C:\Program Files (x86)\VEX Robotics\VEXcode Pro V5\sdk/vexv5\libv5rt.a(vex_triport.cpp.obj)
                0x0380a714                vex::encoder::resetRotation()
 .text._ZN3vex7encoder11setRotationEdNS_13rotationUnitsE
                0x0380a71c        0x8 C:\Program Files (x86)\VEX Robotics\VEXcode Pro V5\sdk/vexv5\libv5rt.a(vex_triport.cpp.obj)
                0x0380a71c                vex::encoder::setRotation(double, vex::rotationUnits)
 .text._ZN3vex7encoder8positionENS_13rotationUnitsE
                0x0380a724        0x8 C:\Program Files (x86)\VEX Robotics\VEXcode Pro V5\sdk/vexv5\libv5rt.a(vex_triport.cpp.obj)
                0x0380a724                vex::encoder::position(vex::rotationUnits)
 .text.startup._GLOBAL__sub_I__ZN3vex7triportC2El
                0x0380a72c       0x30 C:\Program Files (x86)\VEX Robotics\VEXcode Pro V5\sdk/vexv5\libv5rt.a(vex_triport.cpp.obj)
 .text._ZN3vex5colorD2Ev
                0x0380a75c        0x4 C:\Program Files (x86)\VEX Robotics\VEXcode Pro V5\sdk/vexv5\libv5rt.a(vex_color.cpp.obj)
                0x0380a75c                vex::color::~color()
                0x0380a75c                vex::color::~color()
 .text._ZNK3vex5colorcvmEv
                0x0380a760        0x8 C:\Program Files (x86)\VEX Robotics\VEXcode Pro V5\sdk/vexv5\libv5rt.a(vex_color.cpp.obj)
                0x0380a760                vex::color::operator unsigned long() const
 .text._ZNK3vex5color13isTransparentEv
                0x0380a768        0x8 C:\Program Files (x86)\VEX Robotics\VEXcode Pro V5\sdk/vexv5\libv5rt.a(vex_color.cpp.obj)
                0x0380a768                vex::color::isTransparent() const
 .text.startup._GLOBAL__sub_I__ZN3vex5color5blackE
                0x0380a770      0x164 C:\Program Files (x86)\VEX Robotics\VEXcode Pro V5\sdk/vexv5\libv5rt.a(vex_color.cpp.obj)
 .text._ZN3vex5timerD2Ev
                0x0380a8d4        0x4 C:\Program Files (x86)\VEX Robotics\VEXcode Pro V5\sdk/vexv5\libv5rt.a(vex_timer.cpp.obj)
                0x0380a8d4                vex::timer::~timer()
                0x0380a8d4                vex::timer::~timer()
 .text._ZN3vex5timer5clearEv
                0x0380a8d8       0x1c C:\Program Files (x86)\VEX Robotics\VEXcode Pro V5\sdk/vexv5\libv5rt.a(vex_timer.cpp.obj)
                0x0380a8d8                vex::timer::clear()
 .text._ZN3vex5timerC2Ev
                0x0380a8f4       0x14 C:\Program Files (x86)\VEX Robotics\VEXcode Pro V5\sdk/vexv5\libv5rt.a(vex_timer.cpp.obj)
                0x0380a8f4                vex::timer::timer()
                0x0380a8f4                vex::timer::timer()
 .text._ZN3vex11motor_group18motor_group_motorsC2Ev
                0x0380a908       0x28 C:\Program Files (x86)\VEX Robotics\VEXcode Pro V5\sdk/vexv5\libv5rt.a(vex_motorgroup.cpp.obj)
                0x0380a908                vex::motor_group::motor_group_motors::motor_group_motors()
                0x0380a908                vex::motor_group::motor_group_motors::motor_group_motors()
 .text._ZN3vex11motor_groupC2Ev
                0x0380a930       0x1c C:\Program Files (x86)\VEX Robotics\VEXcode Pro V5\sdk/vexv5\libv5rt.a(vex_motorgroup.cpp.obj)
                0x0380a930                vex::motor_group::motor_group()
                0x0380a930                vex::motor_group::motor_group()
 .text._ZN3vex11motor_groupD2Ev
                0x0380a94c        0x4 C:\Program Files (x86)\VEX Robotics\VEXcode Pro V5\sdk/vexv5\libv5rt.a(vex_motorgroup.cpp.obj)
                0x0380a94c                vex::motor_group::~motor_group()
                0x0380a94c                vex::motor_group::~motor_group()
 .text._ZN3vex11motor_group9_addMotorERNS_5motorE
                0x0380a950       0x20 C:\Program Files (x86)\VEX Robotics\VEXcode Pro V5\sdk/vexv5\libv5rt.a(vex_motorgroup.cpp.obj)
                0x0380a950                vex::motor_group::_addMotor(vex::motor&)
 .text._ZN3vex11motor_group4spinENS_13directionTypeEdNS_13velocityUnitsE
                0x0380a970       0x54 C:\Program Files (x86)\VEX Robotics\VEXcode Pro V5\sdk/vexv5\libv5rt.a(vex_motorgroup.cpp.obj)
                0x0380a970                vex::motor_group::spin(vex::directionType, double, vex::velocityUnits)
 .text._ZN3vex11motor_group10isSpinningEv
                0x0380a9c4       0x40 C:\Program Files (x86)\VEX Robotics\VEXcode Pro V5\sdk/vexv5\libv5rt.a(vex_motorgroup.cpp.obj)
                0x0380a9c4                vex::motor_group::isSpinning()
 .text._ZN3vex11motor_group6isDoneEv
                0x0380aa04       0x14 C:\Program Files (x86)\VEX Robotics\VEXcode Pro V5\sdk/vexv5\libv5rt.a(vex_motorgroup.cpp.obj)
                0x0380aa04                vex::motor_group::isDone()
 .text._ZN3vex11motor_group4stopEv
                0x0380aa18       0x30 C:\Program Files (x86)\VEX Robotics\VEXcode Pro V5\sdk/vexv5\libv5rt.a(vex_motorgroup.cpp.obj)
                0x0380aa18                vex::motor_group::stop()
 .text._ZN3vex11motor_group4stopENS_9brakeTypeE
                0x0380aa48       0x38 C:\Program Files (x86)\VEX Robotics\VEXcode Pro V5\sdk/vexv5\libv5rt.a(vex_motorgroup.cpp.obj)
                0x0380aa48                vex::motor_group::stop(vex::brakeType)
 .text._ZN3vex11motor_group8velocityENS_13velocityUnitsE
                0x0380aa80        0xc C:\Program Files (x86)\VEX Robotics\VEXcode Pro V5\sdk/vexv5\libv5rt.a(vex_motorgroup.cpp.obj)
                0x0380aa80                vex::motor_group::velocity(vex::velocityUnits)
 .text._ZN3vex11motor_group20waitForCompletionAllEv
                0x0380aa8c       0x60 C:\Program Files (x86)\VEX Robotics\VEXcode Pro V5\sdk/vexv5\libv5rt.a(vex_motorgroup.cpp.obj)
                0x0380aa8c                vex::motor_group::waitForCompletionAll()
 .text._ZN3vex11motor_group9rotateForEdNS_13rotationUnitsEdNS_13velocityUnitsEb
                0x0380aaec       0x98 C:\Program Files (x86)\VEX Robotics\VEXcode Pro V5\sdk/vexv5\libv5rt.a(vex_motorgroup.cpp.obj)
                0x0380aaec                vex::motor_group::rotateFor(double, vex::rotationUnits, double, vex::velocityUnits, bool)
 .text._ZN3vex11motor_group9rotateForENS_13directionTypeEdNS_13rotationUnitsEdNS_13velocityUnitsEb
                0x0380ab84       0xa8 C:\Program Files (x86)\VEX Robotics\VEXcode Pro V5\sdk/vexv5\libv5rt.a(vex_motorgroup.cpp.obj)
                0x0380ab84                vex::motor_group::rotateFor(vex::directionType, double, vex::rotationUnits, double, vex::velocityUnits, bool)
 .text.vexAdiPortConfigSet
                0x0380ac2c       0x28 C:\Program Files (x86)\VEX Robotics\VEXcode Pro V5\sdk/vexv5\libv5rt.a(v5_apiuser.c.obj)
                0x0380ac2c                vexAdiPortConfigSet
 .text.vexAdiPortConfigGet
                0x0380ac54       0x28 C:\Program Files (x86)\VEX Robotics\VEXcode Pro V5\sdk/vexv5\libv5rt.a(v5_apiuser.c.obj)
                0x0380ac54                vexAdiPortConfigGet
 .text.vexAdiValueSet
                0x0380ac7c       0x28 C:\Program Files (x86)\VEX Robotics\VEXcode Pro V5\sdk/vexv5\libv5rt.a(v5_apiuser.c.obj)
                0x0380ac7c                vexAdiValueSet
 .text.vexAdiValueGet
                0x0380aca4       0x20 C:\Program Files (x86)\VEX Robotics\VEXcode Pro V5\sdk/vexv5\libv5rt.a(v5_apiuser.c.obj)
                0x0380aca4                vexAdiValueGet
 .text.vexMotorVelocitySet
                0x0380acc4       0x20 C:\Program Files (x86)\VEX Robotics\VEXcode Pro V5\sdk/vexv5\libv5rt.a(v5_apiuser.c.obj)
                0x0380acc4                vexMotorVelocitySet
 .text.vexMotorActualVelocityGet
                0x0380ace4       0x24 C:\Program Files (x86)\VEX Robotics\VEXcode Pro V5\sdk/vexv5\libv5rt.a(v5_apiuser.c.obj)
                0x0380ace4                vexMotorActualVelocityGet
 .text.vexMotorZeroPositionFlagGet
                0x0380ad08       0x18 C:\Program Files (x86)\VEX Robotics\VEXcode Pro V5\sdk/vexv5\libv5rt.a(v5_apiuser.c.obj)
                0x0380ad08                vexMotorZeroPositionFlagGet
 .text.vexMotorReverseFlagSet
                0x0380ad20       0x20 C:\Program Files (x86)\VEX Robotics\VEXcode Pro V5\sdk/vexv5\libv5rt.a(v5_apiuser.c.obj)
                0x0380ad20                vexMotorReverseFlagSet
 .text.vexMotorEncoderUnitsSet
                0x0380ad40       0x20 C:\Program Files (x86)\VEX Robotics\VEXcode Pro V5\sdk/vexv5\libv5rt.a(v5_apiuser.c.obj)
                0x0380ad40                vexMotorEncoderUnitsSet
 .text.vexMotorBrakeModeSet
                0x0380ad60       0x20 C:\Program Files (x86)\VEX Robotics\VEXcode Pro V5\sdk/vexv5\libv5rt.a(v5_apiuser.c.obj)
                0x0380ad60                vexMotorBrakeModeSet
 .text.vexMotorPositionSet
                0x0380ad80       0x28 C:\Program Files (x86)\VEX Robotics\VEXcode Pro V5\sdk/vexv5\libv5rt.a(v5_apiuser.c.obj)
                0x0380ad80                vexMotorPositionSet
 .text.vexMotorRelativeTargetSet
                0x0380ada8       0x30 C:\Program Files (x86)\VEX Robotics\VEXcode Pro V5\sdk/vexv5\libv5rt.a(v5_apiuser.c.obj)
                0x0380ada8                vexMotorRelativeTargetSet
 .text.vexMotorGearingSet
                0x0380add8       0x20 C:\Program Files (x86)\VEX Robotics\VEXcode Pro V5\sdk/vexv5\libv5rt.a(v5_apiuser.c.obj)
                0x0380add8                vexMotorGearingSet
 .text.vexMotorGearingGet
                0x0380adf8       0x18 C:\Program Files (x86)\VEX Robotics\VEXcode Pro V5\sdk/vexv5\libv5rt.a(v5_apiuser.c.obj)
                0x0380adf8                vexMotorGearingGet
 .text.vexImuReset
                0x0380ae10       0x10 C:\Program Files (x86)\VEX Robotics\VEXcode Pro V5\sdk/vexv5\libv5rt.a(v5_apiuser.c.obj)
                0x0380ae10                vexImuReset
 .text.vexImuHeadingGet
                0x0380ae20       0x10 C:\Program Files (x86)\VEX Robotics\VEXcode Pro V5\sdk/vexv5\libv5rt.a(v5_apiuser.c.obj)
                0x0380ae20                vexImuHeadingGet
 .text.vexImuDegreesGet
                0x0380ae30       0x10 C:\Program Files (x86)\VEX Robotics\VEXcode Pro V5\sdk/vexv5\libv5rt.a(v5_apiuser.c.obj)
                0x0380ae30                vexImuDegreesGet
 .text.vexImuStatusGet
                0x0380ae40       0x10 C:\Program Files (x86)\VEX Robotics\VEXcode Pro V5\sdk/vexv5\libv5rt.a(v5_apiuser.c.obj)
                0x0380ae40                vexImuStatusGet
 .text.vexOpticalHueGet
                0x0380ae50       0x10 C:\Program Files (x86)\VEX Robotics\VEXcode Pro V5\sdk/vexv5\libv5rt.a(v5_apiuser.c.obj)
                0x0380ae50                vexOpticalHueGet
 .text.vexOpticalLedPwmSet
                0x0380ae60       0x18 C:\Program Files (x86)\VEX Robotics\VEXcode Pro V5\sdk/vexv5\libv5rt.a(v5_apiuser.c.obj)
                0x0380ae60                vexOpticalLedPwmSet
 .text.vexOpticalGestureEnable
                0x0380ae78       0x10 C:\Program Files (x86)\VEX Robotics\VEXcode Pro V5\sdk/vexv5\libv5rt.a(v5_apiuser.c.obj)
                0x0380ae78                vexOpticalGestureEnable
 .text.vexOpticalGestureDisable
                0x0380ae88       0x10 C:\Program Files (x86)\VEX Robotics\VEXcode Pro V5\sdk/vexv5\libv5rt.a(v5_apiuser.c.obj)
                0x0380ae88                vexOpticalGestureDisable
 .text.vexOpticalProximityThreshold
                0x0380ae98       0x18 C:\Program Files (x86)\VEX Robotics\VEXcode Pro V5\sdk/vexv5\libv5rt.a(v5_apiuser.c.obj)
                0x0380ae98                vexOpticalProximityThreshold
 .text.vexEventMaskSet
                0x0380aeb0       0x28 C:\Program Files (x86)\VEX Robotics\VEXcode Pro V5\sdk/vexv5\libv5rt.a(v5_apiuser.c.obj)
                0x0380aeb0                vexEventMaskSet
 .text.vexEventMaskGet
                0x0380aed8       0x18 C:\Program Files (x86)\VEX Robotics\VEXcode Pro V5\sdk/vexv5\libv5rt.a(v5_apiuser.c.obj)
                0x0380aed8                vexEventMaskGet
 .text._ZN3vex6deviceD2Ev
                0x0380aef0        0x4 C:\Program Files (x86)\VEX Robotics\VEXcode Pro V5\sdk/vexv5\libv5rt.a(vex_device.cpp.obj)
                0x0380aef0                vex::device::~device()
                0x0380aef0                vex::device::~device()
 .text._ZN3vex6device5valueEv
                0x0380aef4        0x8 C:\Program Files (x86)\VEX Robotics\VEXcode Pro V5\sdk/vexv5\libv5rt.a(vex_device.cpp.obj)
                0x0380aef4                vex::device::value()
 .text._ZN3vex6deviceD0Ev
                0x0380aefc       0x14 C:\Program Files (x86)\VEX Robotics\VEXcode Pro V5\sdk/vexv5\libv5rt.a(vex_device.cpp.obj)
                0x0380aefc                vex::device::~device()
 .text._ZN3vex6device4initEl
                0x0380af10       0x30 C:\Program Files (x86)\VEX Robotics\VEXcode Pro V5\sdk/vexv5\libv5rt.a(vex_device.cpp.obj)
                0x0380af10                vex::device::init(long)
 .text._ZN3vex6deviceC2El
                0x0380af40       0x20 C:\Program Files (x86)\VEX Robotics\VEXcode Pro V5\sdk/vexv5\libv5rt.a(vex_device.cpp.obj)
                0x0380af40                vex::device::device(long)
                0x0380af40                vex::device::device(long)
 .text._ZN3vex6device4typeEv
                0x0380af60       0x10 C:\Program Files (x86)\VEX Robotics\VEXcode Pro V5\sdk/vexv5\libv5rt.a(vex_device.cpp.obj)
                0x0380af60                vex::device::type()
 .text._ZN3vex6device9installedEv
                0x0380af70       0x14 C:\Program Files (x86)\VEX Robotics\VEXcode Pro V5\sdk/vexv5\libv5rt.a(vex_device.cpp.obj)
                0x0380af70                vex::device::installed()
 .text.__libc_fini_array
                0x0380af84       0x30 C:\Program Files (x86)\VEX Robotics\VEXcode Pro V5\sdk/vexv5/gcc/libs\libc.a(lib_a-fini.o)
                0x0380af84                __libc_fini_array
 .text.__libc_init_array
                0x0380afb4       0x58 C:\Program Files (x86)\VEX Robotics\VEXcode Pro V5\sdk/vexv5/gcc/libs\libc.a(lib_a-init.o)
                0x0380afb4                __libc_init_array
 *fill*         0x0380b00c        0x4 
 .text.__libc_init_array.__stub
                0x0380b010       0x18 linker stubs
 *(.gnu.linkonce.t.*)
 *(.plt)
 *(.gnu_warning)
 *(.gcc_except_table)
 *(.glue_7)
 .glue_7        0x00000000        0x0 linker stubs
 *(.glue_7t)
 .glue_7t       0x00000000        0x0 linker stubs
 *(.vfp11_veneer)
 .vfp11_veneer  0x00000000        0x0 linker stubs
 *(.ARM.extab)
 *(.gnu.linkonce.armextab.*)

.v4_bx          0x0380b028        0x0
 .v4_bx         0x00000000        0x0 linker stubs

.iplt           0x0380b028        0x0
 .iplt          0x00000000        0x0 build/src/functions.o

.init
 *(.init)

.fini
 *(.fini)

.rodata         0x0380b028      0x4bc
                0x0380b028                __rodata_start = .
 *(.rodata)
 *(.rodata.*)
 .rodata.str1.1
                0x0380b028        0xb build/src/functions.o
 .rodata.str1.1
                0x0380b033      0x126 build/src/main.o
 .rodata.str1.1
                0x0380b159      0x141 build/src/gui.o
                                0x170 (size before relaxing)
 .rodata.str1.1
                0x0380b29a       0x20 build/src/auton.o
 .rodata.str1.1
                0x0380b2ba       0x1b build/src/pid.o
 .rodata.str1.1
                0x0380b2d5       0x2e C:\Program Files (x86)\VEX Robotics\VEXcode Pro V5\sdk/vexv5\libv5rt.a(v5_startup.c.obj)
 *fill*         0x0380b303        0x1 
 .rodata._ZN3vex6purpleE
                0x0380b304        0x4 C:\Program Files (x86)\VEX Robotics\VEXcode Pro V5\sdk/vexv5\libv5rt.a(vex_global.cpp.obj)
                0x0380b304                vex::purple
 .rodata._ZN3vex6yellowE
                0x0380b308        0x4 C:\Program Files (x86)\VEX Robotics\VEXcode Pro V5\sdk/vexv5\libv5rt.a(vex_global.cpp.obj)
                0x0380b308                vex::yellow
 .rodata._ZN3vex3revE
                0x0380b30c        0x4 C:\Program Files (x86)\VEX Robotics\VEXcode Pro V5\sdk/vexv5\libv5rt.a(vex_global.cpp.obj)
                0x0380b30c                vex::rev
 .rodata._ZN3vex3fwdE
                0x0380b310        0x4 C:\Program Files (x86)\VEX Robotics\VEXcode Pro V5\sdk/vexv5\libv5rt.a(vex_global.cpp.obj)
                0x0380b310                vex::fwd
 .rodata._ZN3vex5PORT1E
                0x0380b314        0x4 C:\Program Files (x86)\VEX Robotics\VEXcode Pro V5\sdk/vexv5\libv5rt.a(vex_global.cpp.obj)
                0x0380b314                vex::PORT1
 .rodata._ZN3vex7reverseE
                0x0380b318        0x4 C:\Program Files (x86)\VEX Robotics\VEXcode Pro V5\sdk/vexv5\libv5rt.a(vex_global.cpp.obj)
                0x0380b318                vex::reverse
 .rodata._ZN3vex6PORT10E
                0x0380b31c        0x4 C:\Program Files (x86)\VEX Robotics\VEXcode Pro V5\sdk/vexv5\libv5rt.a(vex_global.cpp.obj)
                0x0380b31c                vex::PORT10
 .rodata._ZN3vex11transparentE
                0x0380b320        0x4 C:\Program Files (x86)\VEX Robotics\VEXcode Pro V5\sdk/vexv5\libv5rt.a(vex_global.cpp.obj)
                0x0380b320                vex::transparent
 .rodata._ZN3vex7forwardE
                0x0380b324        0x4 C:\Program Files (x86)\VEX Robotics\VEXcode Pro V5\sdk/vexv5\libv5rt.a(vex_global.cpp.obj)
                0x0380b324                vex::forward
 .rodata._ZN3vex6PORT14E
                0x0380b328        0x4 C:\Program Files (x86)\VEX Robotics\VEXcode Pro V5\sdk/vexv5\libv5rt.a(vex_global.cpp.obj)
                0x0380b328                vex::PORT14
 .rodata._ZN3vex5whiteE
                0x0380b32c        0x4 C:\Program Files (x86)\VEX Robotics\VEXcode Pro V5\sdk/vexv5\libv5rt.a(vex_global.cpp.obj)
                0x0380b32c                vex::white
 .rodata._ZN3vex3pctE
                0x0380b330        0x4 C:\Program Files (x86)\VEX Robotics\VEXcode Pro V5\sdk/vexv5\libv5rt.a(vex_global.cpp.obj)
                0x0380b330                vex::pct
 .rodata._ZN3vex3secE
                0x0380b334        0x4 C:\Program Files (x86)\VEX Robotics\VEXcode Pro V5\sdk/vexv5\libv5rt.a(vex_global.cpp.obj)
                0x0380b334                vex::sec
 .rodata._ZN3vex3redE
                0x0380b338        0x4 C:\Program Files (x86)\VEX Robotics\VEXcode Pro V5\sdk/vexv5\libv5rt.a(vex_global.cpp.obj)
                0x0380b338                vex::red
 .rodata._ZN3vex5blackE
                0x0380b33c        0x4 C:\Program Files (x86)\VEX Robotics\VEXcode Pro V5\sdk/vexv5\libv5rt.a(vex_global.cpp.obj)
                0x0380b33c                vex::black
 .rodata._ZN3vex4msecE
                0x0380b340        0x4 C:\Program Files (x86)\VEX Robotics\VEXcode Pro V5\sdk/vexv5\libv5rt.a(vex_global.cpp.obj)
                0x0380b340                vex::msec
 .rodata._ZN3vex6PORT18E
                0x0380b344        0x4 C:\Program Files (x86)\VEX Robotics\VEXcode Pro V5\sdk/vexv5\libv5rt.a(vex_global.cpp.obj)
                0x0380b344                vex::PORT18
 .rodata._ZN3vex4blueE
                0x0380b348        0x4 C:\Program Files (x86)\VEX Robotics\VEXcode Pro V5\sdk/vexv5\libv5rt.a(vex_global.cpp.obj)
                0x0380b348                vex::blue
 .rodata._ZN3vex5PORT9E
                0x0380b34c        0x4 C:\Program Files (x86)\VEX Robotics\VEXcode Pro V5\sdk/vexv5\libv5rt.a(vex_global.cpp.obj)
                0x0380b34c                vex::PORT9
 .rodata._ZN3vex3rpmE
                0x0380b350        0x4 C:\Program Files (x86)\VEX Robotics\VEXcode Pro V5\sdk/vexv5\libv5rt.a(vex_global.cpp.obj)
                0x0380b350                vex::rpm
 .rodata._ZN3vex6PORT11E
                0x0380b354        0x4 C:\Program Files (x86)\VEX Robotics\VEXcode Pro V5\sdk/vexv5\libv5rt.a(vex_global.cpp.obj)
                0x0380b354                vex::PORT11
 .rodata._ZN3vex5PORT6E
                0x0380b358        0x4 C:\Program Files (x86)\VEX Robotics\VEXcode Pro V5\sdk/vexv5\libv5rt.a(vex_global.cpp.obj)
                0x0380b358                vex::PORT6
 .rodata._ZN3vex7primaryE
                0x0380b35c        0x4 C:\Program Files (x86)\VEX Robotics\VEXcode Pro V5\sdk/vexv5\libv5rt.a(vex_global.cpp.obj)
                0x0380b35c                vex::primary
 .rodata._ZN3vex3degE
                0x0380b360        0x4 C:\Program Files (x86)\VEX Robotics\VEXcode Pro V5\sdk/vexv5\libv5rt.a(vex_global.cpp.obj)
                0x0380b360                vex::deg
 .rodata._ZN3vex5greenE
                0x0380b364        0x4 C:\Program Files (x86)\VEX Robotics\VEXcode Pro V5\sdk/vexv5\libv5rt.a(vex_global.cpp.obj)
                0x0380b364                vex::green
 .rodata._ZN3vex6PORT15E
                0x0380b368        0x4 C:\Program Files (x86)\VEX Robotics\VEXcode Pro V5\sdk/vexv5\libv5rt.a(vex_global.cpp.obj)
                0x0380b368                vex::PORT15
 .rodata._ZN3vex6PORT19E
                0x0380b36c        0x4 C:\Program Files (x86)\VEX Robotics\VEXcode Pro V5\sdk/vexv5\libv5rt.a(vex_global.cpp.obj)
                0x0380b36c                vex::PORT19
 .rodata._ZN3vex7degreesE
                0x0380b370        0x4 C:\Program Files (x86)\VEX Robotics\VEXcode Pro V5\sdk/vexv5\libv5rt.a(vex_global.cpp.obj)
                0x0380b370                vex::degrees
 .rodata._ZN3vex6PORT22E
                0x0380b374        0x4 C:\Program Files (x86)\VEX Robotics\VEXcode Pro V5\sdk/vexv5\libv5rt.a(vex_global.cpp.obj)
                0x0380b374                vex::PORT22
 .rodata._ZN3vex4holdE
                0x0380b378        0x4 C:\Program Files (x86)\VEX Robotics\VEXcode Pro V5\sdk/vexv5\libv5rt.a(vex_global.cpp.obj)
                0x0380b378                vex::hold
 .rodata._ZN3vex6PORT12E
                0x0380b37c        0x4 C:\Program Files (x86)\VEX Robotics\VEXcode Pro V5\sdk/vexv5\libv5rt.a(vex_global.cpp.obj)
                0x0380b37c                vex::PORT12
 .rodata._ZN3vex5PORT7E
                0x0380b380        0x4 C:\Program Files (x86)\VEX Robotics\VEXcode Pro V5\sdk/vexv5\libv5rt.a(vex_global.cpp.obj)
                0x0380b380                vex::PORT7
 .rodata._ZN3vex6PORT16E
                0x0380b384        0x4 C:\Program Files (x86)\VEX Robotics\VEXcode Pro V5\sdk/vexv5\libv5rt.a(vex_global.cpp.obj)
                0x0380b384                vex::PORT16
 .rodata._ZN3vex8ratio6_1E
                0x0380b388        0x4 C:\Program Files (x86)\VEX Robotics\VEXcode Pro V5\sdk/vexv5\libv5rt.a(vex_global.cpp.obj)
                0x0380b388                vex::ratio6_1
 .rodata._ZN3vex5brakeE
                0x0380b38c        0x4 C:\Program Files (x86)\VEX Robotics\VEXcode Pro V5\sdk/vexv5\libv5rt.a(vex_global.cpp.obj)
                0x0380b38c                vex::brake
 .rodata._ZN3vex5coastE
                0x0380b390        0x4 C:\Program Files (x86)\VEX Robotics\VEXcode Pro V5\sdk/vexv5\libv5rt.a(vex_global.cpp.obj)
                0x0380b390                vex::coast
 .rodata._ZN3vex6PORT13E
                0x0380b394        0x4 C:\Program Files (x86)\VEX Robotics\VEXcode Pro V5\sdk/vexv5\libv5rt.a(vex_global.cpp.obj)
                0x0380b394                vex::PORT13
 .rodata._ZN3vex5PORT8E
                0x0380b398        0x4 C:\Program Files (x86)\VEX Robotics\VEXcode Pro V5\sdk/vexv5\libv5rt.a(vex_global.cpp.obj)
                0x0380b398                vex::PORT8
 .rodata._ZN3vex9ratio18_1E
                0x0380b39c        0x4 C:\Program Files (x86)\VEX Robotics\VEXcode Pro V5\sdk/vexv5\libv5rt.a(vex_global.cpp.obj)
                0x0380b39c                vex::ratio18_1
 .rodata._ZTVN3vex5motorE
                0x0380b3a0       0x18 C:\Program Files (x86)\VEX Robotics\VEXcode Pro V5\sdk/vexv5\libv5rt.a(vex_motor.cpp.obj)
                0x0380b3a0                vtable for vex::motor
 .rodata._ZTVN3vex8inertialE
                0x0380b3b8       0x60 C:\Program Files (x86)\VEX Robotics\VEXcode Pro V5\sdk/vexv5\libv5rt.a(vex_imu.cpp.obj)
                0x0380b3b8                vtable for vex::inertial
 .rodata._ZTVN3vex7opticalE
                0x0380b418       0x18 C:\Program Files (x86)\VEX Robotics\VEXcode Pro V5\sdk/vexv5\libv5rt.a(vex_optical.cpp.obj)
                0x0380b418                vtable for vex::optical
 .rodata.CSWTCH.16
                0x0380b430        0xb C:\Program Files (x86)\VEX Robotics\VEXcode Pro V5\sdk/vexv5\libv5rt.a(vex_controller.cpp.obj)
 .rodata.CSWTCH.18
                0x0380b43b        0xb C:\Program Files (x86)\VEX Robotics\VEXcode Pro V5\sdk/vexv5\libv5rt.a(vex_controller.cpp.obj)
 .rodata.CSWTCH.24
                0x0380b446        0x3 C:\Program Files (x86)\VEX Robotics\VEXcode Pro V5\sdk/vexv5\libv5rt.a(vex_controller.cpp.obj)
 .rodata.str1.1
                0x0380b449       0x14 C:\Program Files (x86)\VEX Robotics\VEXcode Pro V5\sdk/vexv5\libv5rt.a(vex_task.cpp.obj)
 .rodata.str1.1
                0x0380b45d       0x2d C:\Program Files (x86)\VEX Robotics\VEXcode Pro V5\sdk/vexv5\libv5rt.a(vex_brain.cpp.obj)
 .rodata.CSWTCH.36
                0x0380b48a       0x10 C:\Program Files (x86)\VEX Robotics\VEXcode Pro V5\sdk/vexv5\libv5rt.a(vex_triport.cpp.obj)
 *fill*         0x0380b49a        0x6 
 .rodata._ZTVN3vex7triportE
                0x0380b4a0       0x18 C:\Program Files (x86)\VEX Robotics\VEXcode Pro V5\sdk/vexv5\libv5rt.a(vex_triport.cpp.obj)
                0x0380b4a0                vtable for vex::triport
 .rodata.CSWTCH.31
                0x0380b4b8        0xe C:\Program Files (x86)\VEX Robotics\VEXcode Pro V5\sdk/vexv5\libv5rt.a(vex_triport.cpp.obj)
 *fill*         0x0380b4c6        0x2 
 .rodata._ZTVN3vex6deviceE
                0x0380b4c8       0x18 C:\Program Files (x86)\VEX Robotics\VEXcode Pro V5\sdk/vexv5\libv5rt.a(vex_device.cpp.obj)
                0x0380b4c8                vtable for vex::device
 .rodata.str1.4
                0x0380b4e0        0x4 C:\Program Files (x86)\VEX Robotics\VEXcode Pro V5\sdk/vexv5/gcc/libs\libc.a(lib_a-impure.o)
                                  0x2 (size before relaxing)
 *(.gnu.linkonce.r.*)
                0x0380b4e4                __rodata_end = .

.rodata1        0x0380b4e4        0x0
                0x0380b4e4                __rodata1_start = .
 *(.rodata1)
 *(.rodata1.*)
                0x0380b4e4                __rodata1_end = .

.sdata2         0x0380b4e4        0x0
                0x0380b4e4                __sdata2_start = .
 *(.sdata2)
 *(.sdata2.*)
 *(.gnu.linkonce.s2.*)
                0x0380b4e4                __sdata2_end = .

.sbss2          0x0380b4e4        0x0
                0x0380b4e4                __sbss2_start = .
 *(.sbss2)
 *(.sbss2.*)
 *(.gnu.linkonce.sb2.*)
                0x0380b4e4                __sbss2_end = .

.data           0x0380b4e8      0x444
                0x0380b4e8                __data_start = .
 *(.data)
 *(.data.*)
 .data.autoSelect
                0x0380b4e8        0x4 build/src/main.o
                0x0380b4e8                autoSelect
 .data.closeIntake
                0x0380b4ec        0x1 build/src/main.o
                0x0380b4ec                closeIntake
 *fill*         0x0380b4ed        0x3 
 .data.appRunning
                0x0380b4f0        0x4 C:\Program Files (x86)\VEX Robotics\VEXcode Pro V5\sdk/vexv5\libv5rt.a(v5_startup.c.obj)
                0x0380b4f0                appRunning
 .data.__yoff   0x0380b4f4        0x4 C:\Program Files (x86)\VEX Robotics\VEXcode Pro V5\sdk/vexv5\libv5rt.a(v5_apijump.c.obj)
 .data._ZN3vex24__default_motor_velocityE
                0x0380b4f8        0x4 C:\Program Files (x86)\VEX Robotics\VEXcode Pro V5\sdk/vexv5\libv5rt.a(vex_motor.cpp.obj)
                0x0380b4f8                vex::__default_motor_velocity
 *fill*         0x0380b4fc        0x4 
 .data.impure_data
                0x0380b500      0x428 C:\Program Files (x86)\VEX Robotics\VEXcode Pro V5\sdk/vexv5/gcc/libs\libc.a(lib_a-impure.o)
 .data._impure_ptr
                0x0380b928        0x4 C:\Program Files (x86)\VEX Robotics\VEXcode Pro V5\sdk/vexv5/gcc/libs\libc.a(lib_a-impure.o)
                0x0380b928                _impure_ptr
 *(.gnu.linkonce.d.*)
 *(.jcr)
 *(.got)
 *(.got.plt)
                0x0380b92c                __data_end = .

.igot.plt       0x0380b92c        0x0
 .igot.plt      0x00000000        0x0 build/src/functions.o

.data1          0x0380b92c        0x0
                0x0380b92c                __data1_start = .
 *(.data1)
 *(.data1.*)
                0x0380b92c                __data1_end = .

.got
 *(.got)

.ctors          0x0380b92c        0x0
                0x0380b92c                __CTOR_LIST__ = .
                0x0380b92c                ___CTORS_LIST___ = .
 *crtbegin.o(.ctors)
 *(EXCLUDE_FILE(*crtend.o) .ctors)
 *(SORT(.ctors.*))
 *(.ctors)
                0x0380b92c                __CTOR_END__ = .
                0x0380b92c                ___CTORS_END___ = .

.dtors          0x0380b92c        0x0
                0x0380b92c                __DTOR_LIST__ = .
                0x0380b92c                ___DTORS_LIST___ = .
 *crtbegin.o(.dtors)
 *(EXCLUDE_FILE(*crtend.o) .dtors)
 *(SORT(.dtors.*))
 *(.dtors)
                0x0380b92c                __DTOR_END__ = .
                0x0380b92c                ___DTORS_END___ = .

.fixup          0x0380b92c        0x0
                0x0380b92c                __fixup_start = .
 *(.fixup)
                0x0380b92c                __fixup_end = .

.eh_frame
 *(.eh_frame)

.eh_framehdr    0x0380b92c        0x0
                0x0380b92c                __eh_framehdr_start = .
 *(.eh_framehdr)
                0x0380b92c                __eh_framehdr_end = .

.gcc_except_table
 *(.gcc_except_table)

.mmu_tbl        0x0380c000        0x0
                0x0380c000                __mmu_tbl_start = .
 *(.mmu_tbl)
                0x0380c000                __mmu_tbl_end = .

.ARM.exidx      0x0380b92c        0x8
                0x0380b92c                __exidx_start = .
 *(.ARM.exidx*)
 .ARM.exidx.text._Z9stopDriveN3vex9brakeTypeE
                0x0380b92c        0x8 build/src/functions.o
 .ARM.exidx.text._Z14driveUntilStopii
                0x0380b934        0x0 build/src/functions.o
                                  0x8 (size before relaxing)
 .ARM.exidx.text._Z13driveIntoWallii
                0x0380b934        0x0 build/src/functions.o
                                  0x8 (size before relaxing)
 .ARM.exidx.text._Z8shootOutv
                0x0380b934        0x0 build/src/functions.o
                                  0x8 (size before relaxing)
 .ARM.exidx.text._Z9shootOut2v
                0x0380b934        0x0 build/src/functions.o
                                  0x8 (size before relaxing)
 .ARM.exidx.text._Z19closePneumAndIntakev
                0x0380b934        0x0 build/src/functions.o
                                  0x8 (size before relaxing)
 .ARM.exidx.text._Z10shootOutBBv
                0x0380b934        0x0 build/src/functions.o
                                  0x8 (size before relaxing)
 .ARM.exidx.text._Z11shootOutBB2v
                0x0380b934        0x0 build/src/functions.o
                                  0x8 (size before relaxing)
 .ARM.exidx.text._Z6deployv
                0x0380b934        0x0 build/src/functions.o
                                  0x8 (size before relaxing)
 .ARM.exidx.text._GLOBAL__sub_I_functions.cpp
                0x0380b934        0x0 build/src/functions.o
                                  0x8 (size before relaxing)
 .ARM.exidx.text._Z9pre_autonv
                0x0380b934        0x0 build/src/main.o
                                  0x8 (size before relaxing)
 .ARM.exidx.text._Z10autonomousv
                0x0380b934        0x0 build/src/main.o
                                  0x8 (size before relaxing)
 .ARM.exidx.text._Z11usercontrolv
                0x0380b934        0x0 build/src/main.o
                                  0x8 (size before relaxing)
 .ARM.exidx.text._Z14badBallControlv
                0x0380b934        0x0 build/src/main.o
                                  0x8 (size before relaxing)
 .ARM.exidx.text._Z3pnev
                0x0380b934        0x0 build/src/main.o
                                  0x8 (size before relaxing)
 .ARM.exidx.text.main
                0x0380b934        0x0 build/src/main.o
                                  0x8 (size before relaxing)
 .ARM.exidx.text._GLOBAL__sub_I_main.cpp
                0x0380b934        0x0 build/src/main.o
                                  0x8 (size before relaxing)
 .ARM.exidx.text._Z10print_pageii
                0x0380b934        0x0 build/src/gui.o
                                  0x8 (size before relaxing)
 .ARM.exidx.text._Z11page_selectPiS_
                0x0380b934        0x0 build/src/gui.o
                                  0x8 (size before relaxing)
 .ARM.exidx.text._GLOBAL__sub_I_gui.cpp
                0x0380b934        0x0 build/src/gui.o
                                  0x8 (size before relaxing)
 .ARM.exidx.text._Z7redLongv
                0x0380b934        0x0 build/src/auton.o
                                  0x8 (size before relaxing)
 .ARM.exidx.text._Z8redShortv
                0x0380b934        0x0 build/src/auton.o
                                  0x8 (size before relaxing)
 .ARM.exidx.text._Z9blueShortv
                0x0380b934        0x0 build/src/auton.o
                                  0x8 (size before relaxing)
 .ARM.exidx.text._Z8blueLongv
                0x0380b934        0x0 build/src/auton.o
                                  0x8 (size before relaxing)
 .ARM.exidx.text._GLOBAL__sub_I_auton.cpp
                0x0380b934        0x0 build/src/auton.o
                                  0x8 (size before relaxing)
 .ARM.exidx.text._Z6skillsv
                0x0380b934        0x0 build/src/skills.o
                                  0x8 (size before relaxing)
 .ARM.exidx.text._Z10forwardPIDfiifibi
                0x0380b934        0x0 build/src/pid.o
                                  0x8 (size before relaxing)
 .ARM.exidx.text._Z14forwardPIDFASTfii
                0x0380b934        0x0 build/src/pid.o
                                  0x8 (size before relaxing)
 .ARM.exidx.text._Z11forwardPID2fii
                0x0380b934        0x0 build/src/pid.o
                                  0x8 (size before relaxing)
 .ARM.exidx.text._Z12backwardPID2fii
                0x0380b934        0x0 build/src/pid.o
                                  0x8 (size before relaxing)
 .ARM.exidx.text._Z11backwardPIDfiifi
                0x0380b934        0x0 build/src/pid.o
                                  0x8 (size before relaxing)
 .ARM.exidx.text._Z8turnLeftfii
                0x0380b934        0x0 build/src/pid.o
                                  0x8 (size before relaxing)
 .ARM.exidx.text._Z9turnRightfii
                0x0380b934        0x0 build/src/pid.o
                                  0x8 (size before relaxing)
 .ARM.exidx.text._GLOBAL__sub_I_pid.cpp
                0x0380b934        0x0 build/src/pid.o
                                  0x8 (size before relaxing)
 .ARM.exidx.text._ZN3vex11motor_groupC2IJNS_5motorES2_EEERS2_DpRT_
                0x0380b934        0x0 build/src/robot-config.o
                                  0x8 (size before relaxing)
 .ARM.exidx.text._ZN3vex11motor_groupC2IJNS_5motorES2_S2_EEERS2_DpRT_
                0x0380b934        0x0 build/src/robot-config.o
                                  0x8 (size before relaxing)
 .ARM.exidx.text._Z11vexcodeInitv
                0x0380b934        0x0 build/src/robot-config.o
                                  0x8 (size before relaxing)
 .ARM.exidx.text._GLOBAL__sub_I_robot_config.cpp
                0x0380b934        0x0 build/src/robot-config.o
                                  0x8 (size before relaxing)
 .ARM.exidx.text._Z11splineRightfiif
                0x0380b934        0x0 build/src/spline.o
                                  0x8 (size before relaxing)
 *(.gnu.linkonce.armexidix.*.*)
                0x0380b934                __exidx_end = .

.rel.dyn        0x0380b934        0x0